Command line invocation:
    /Applications/Xcode.app/Contents/Developer/usr/bin/xcodebuild -project luxury.xcodeproj -scheme luxury -destination generic/platform=iOS build

Resolve Package Graph


Resolved source packages:
  xctest-dynamic-overlay: https://github.com/pointfreeco/xctest-dynamic-overlay @ 1.9.0
  Supabase: https://github.com/supabase/supabase-swift @ 2.46.0
  swift-clocks: https://github.com/pointfreeco/swift-clocks @ 1.0.6
  swift-concurrency-extras: https://github.com/pointfreeco/swift-concurrency-extras @ 1.3.2
  swift-crypto: https://github.com/apple/swift-crypto.git @ 4.5.0
  swift-asn1: https://github.com/apple/swift-asn1.git @ 1.7.0
  swift-http-types: https://github.com/apple/swift-http-types.git @ 1.5.1

2026-05-24 00:32:06.184 xcodebuild[84801:3257978] [MT] IDERunDestination: Supported platforms for the buildables in the current scheme is empty.
ComputePackagePrebuildTargetDependencyGraph

Prepare packages

CreateBuildRequest

SendProjectDescription

CreateBuildOperation

ComputeTargetDependencyGraph
note: Building targets in dependency order
note: Target dependency graph (28 targets)
    Target 'luxury' in project 'luxury'
        ➜ Explicit dependency on target 'PostgREST' in project 'Supabase'
        ➜ Explicit dependency on target 'Functions' in project 'Supabase'
        ➜ Explicit dependency on target 'Supabase' in project 'Supabase'
        ➜ Explicit dependency on target 'Auth' in project 'Supabase'
        ➜ Explicit dependency on target 'Storage' in project 'Supabase'
        ➜ Explicit dependency on target 'Realtime' in project 'Supabase'
    Target 'Realtime' in project 'Supabase'
        ➜ Explicit dependency on target 'Realtime' in project 'Supabase'
        ➜ Explicit dependency on target 'Helpers' in project 'Supabase'
        ➜ Explicit dependency on target 'ConcurrencyExtras' in project 'swift-concurrency-extras'
        ➜ Explicit dependency on target 'HTTPTypes' in project 'swift-http-types'
        ➜ Explicit dependency on target 'Clocks' in project 'swift-clocks'
        ➜ Explicit dependency on target 'XCTestDynamicOverlay' in project 'xctest-dynamic-overlay'
        ➜ Explicit dependency on target 'IssueReporting' in project 'xctest-dynamic-overlay'
    Target 'Storage' in project 'Supabase'
        ➜ Explicit dependency on target 'Storage' in project 'Supabase'
        ➜ Explicit dependency on target 'Helpers' in project 'Supabase'
        ➜ Explicit dependency on target 'ConcurrencyExtras' in project 'swift-concurrency-extras'
        ➜ Explicit dependency on target 'HTTPTypes' in project 'swift-http-types'
        ➜ Explicit dependency on target 'Clocks' in project 'swift-clocks'
        ➜ Explicit dependency on target 'XCTestDynamicOverlay' in project 'xctest-dynamic-overlay'
    Target 'Auth' in project 'Supabase'
        ➜ Explicit dependency on target 'Auth' in project 'Supabase'
        ➜ Explicit dependency on target 'Helpers' in project 'Supabase'
        ➜ Explicit dependency on target 'ConcurrencyExtras' in project 'swift-concurrency-extras'
        ➜ Explicit dependency on target 'HTTPTypes' in project 'swift-http-types'
        ➜ Explicit dependency on target 'Clocks' in project 'swift-clocks'
        ➜ Explicit dependency on target 'XCTestDynamicOverlay' in project 'xctest-dynamic-overlay'
        ➜ Explicit dependency on target 'Crypto' in project 'swift-crypto'
    Target 'Supabase' in project 'Supabase'
        ➜ Explicit dependency on target 'Supabase' in project 'Supabase'
        ➜ Explicit dependency on target 'Helpers' in project 'Supabase'
        ➜ Explicit dependency on target 'Auth' in project 'Supabase'
        ➜ Explicit dependency on target 'Functions' in project 'Supabase'
        ➜ Explicit dependency on target 'PostgREST' in project 'Supabase'
        ➜ Explicit dependency on target 'Realtime' in project 'Supabase'
        ➜ Explicit dependency on target 'Storage' in project 'Supabase'
        ➜ Explicit dependency on target 'ConcurrencyExtras' in project 'swift-concurrency-extras'
        ➜ Explicit dependency on target 'HTTPTypes' in project 'swift-http-types'
        ➜ Explicit dependency on target 'Clocks' in project 'swift-clocks'
        ➜ Explicit dependency on target 'XCTestDynamicOverlay' in project 'xctest-dynamic-overlay'
        ➜ Explicit dependency on target 'Crypto' in project 'swift-crypto'
        ➜ Explicit dependency on target 'IssueReporting' in project 'xctest-dynamic-overlay'
    Target 'Supabase' in project 'Supabase'
        ➜ Explicit dependency on target 'Helpers' in project 'Supabase'
        ➜ Explicit dependency on target 'Auth' in project 'Supabase'
        ➜ Explicit dependency on target 'Functions' in project 'Supabase'
        ➜ Explicit dependency on target 'PostgREST' in project 'Supabase'
        ➜ Explicit dependency on target 'Realtime' in project 'Supabase'
        ➜ Explicit dependency on target 'Storage' in project 'Supabase'
        ➜ Explicit dependency on target 'ConcurrencyExtras' in project 'swift-concurrency-extras'
        ➜ Explicit dependency on target 'HTTPTypes' in project 'swift-http-types'
        ➜ Explicit dependency on target 'Clocks' in project 'swift-clocks'
        ➜ Explicit dependency on target 'XCTestDynamicOverlay' in project 'xctest-dynamic-overlay'
        ➜ Explicit dependency on target 'Crypto' in project 'swift-crypto'
        ➜ Explicit dependency on target 'IssueReporting' in project 'xctest-dynamic-overlay'
    Target 'Storage' in project 'Supabase'
        ➜ Explicit dependency on target 'Helpers' in project 'Supabase'
        ➜ Explicit dependency on target 'ConcurrencyExtras' in project 'swift-concurrency-extras'
        ➜ Explicit dependency on target 'HTTPTypes' in project 'swift-http-types'
        ➜ Explicit dependency on target 'Clocks' in project 'swift-clocks'
        ➜ Explicit dependency on target 'XCTestDynamicOverlay' in project 'xctest-dynamic-overlay'
    Target 'Realtime' in project 'Supabase'
        ➜ Explicit dependency on target 'Helpers' in project 'Supabase'
        ➜ Explicit dependency on target 'ConcurrencyExtras' in project 'swift-concurrency-extras'
        ➜ Explicit dependency on target 'HTTPTypes' in project 'swift-http-types'
        ➜ Explicit dependency on target 'Clocks' in project 'swift-clocks'
        ➜ Explicit dependency on target 'XCTestDynamicOverlay' in project 'xctest-dynamic-overlay'
        ➜ Explicit dependency on target 'IssueReporting' in project 'xctest-dynamic-overlay'
    Target 'Auth' in project 'Supabase'
        ➜ Explicit dependency on target 'Helpers' in project 'Supabase'
        ➜ Explicit dependency on target 'ConcurrencyExtras' in project 'swift-concurrency-extras'
        ➜ Explicit dependency on target 'HTTPTypes' in project 'swift-http-types'
        ➜ Explicit dependency on target 'Clocks' in project 'swift-clocks'
        ➜ Explicit dependency on target 'XCTestDynamicOverlay' in project 'xctest-dynamic-overlay'
        ➜ Explicit dependency on target 'Crypto' in project 'swift-crypto'
    Target 'Crypto' in project 'swift-crypto'
        ➜ Explicit dependency on target 'Crypto' in project 'swift-crypto'
        ➜ Explicit dependency on target 'swift-crypto_Crypto' in project 'swift-crypto'
    Target 'Crypto' in project 'swift-crypto'
        ➜ Explicit dependency on target 'swift-crypto_Crypto' in project 'swift-crypto'
    Target 'swift-crypto_Crypto' in project 'swift-crypto' (no dependencies)
    Target 'Functions' in project 'Supabase'
        ➜ Explicit dependency on target 'Functions' in project 'Supabase'
        ➜ Explicit dependency on target 'Helpers' in project 'Supabase'
        ➜ Explicit dependency on target 'ConcurrencyExtras' in project 'swift-concurrency-extras'
        ➜ Explicit dependency on target 'HTTPTypes' in project 'swift-http-types'
        ➜ Explicit dependency on target 'Clocks' in project 'swift-clocks'
        ➜ Explicit dependency on target 'XCTestDynamicOverlay' in project 'xctest-dynamic-overlay'
    Target 'Functions' in project 'Supabase'
        ➜ Explicit dependency on target 'Helpers' in project 'Supabase'
        ➜ Explicit dependency on target 'ConcurrencyExtras' in project 'swift-concurrency-extras'
        ➜ Explicit dependency on target 'HTTPTypes' in project 'swift-http-types'
        ➜ Explicit dependency on target 'Clocks' in project 'swift-clocks'
        ➜ Explicit dependency on target 'XCTestDynamicOverlay' in project 'xctest-dynamic-overlay'
    Target 'PostgREST' in project 'Supabase'
        ➜ Explicit dependency on target 'PostgREST' in project 'Supabase'
        ➜ Explicit dependency on target 'Helpers' in project 'Supabase'
        ➜ Explicit dependency on target 'ConcurrencyExtras' in project 'swift-concurrency-extras'
        ➜ Explicit dependency on target 'HTTPTypes' in project 'swift-http-types'
        ➜ Explicit dependency on target 'Clocks' in project 'swift-clocks'
        ➜ Explicit dependency on target 'XCTestDynamicOverlay' in project 'xctest-dynamic-overlay'
    Target 'PostgREST' in project 'Supabase'
        ➜ Explicit dependency on target 'Helpers' in project 'Supabase'
        ➜ Explicit dependency on target 'ConcurrencyExtras' in project 'swift-concurrency-extras'
        ➜ Explicit dependency on target 'HTTPTypes' in project 'swift-http-types'
        ➜ Explicit dependency on target 'Clocks' in project 'swift-clocks'
        ➜ Explicit dependency on target 'XCTestDynamicOverlay' in project 'xctest-dynamic-overlay'
    Target 'Helpers' in project 'Supabase'
        ➜ Explicit dependency on target 'ConcurrencyExtras' in project 'swift-concurrency-extras'
        ➜ Explicit dependency on target 'HTTPTypes' in project 'swift-http-types'
        ➜ Explicit dependency on target 'Clocks' in project 'swift-clocks'
        ➜ Explicit dependency on target 'XCTestDynamicOverlay' in project 'xctest-dynamic-overlay'
    Target 'XCTestDynamicOverlay' in project 'xctest-dynamic-overlay'
        ➜ Explicit dependency on target 'XCTestDynamicOverlay' in project 'xctest-dynamic-overlay'
        ➜ Explicit dependency on target 'IssueReportingPackageSupport' in project 'xctest-dynamic-overlay'
        ➜ Explicit dependency on target 'IssueReporting' in project 'xctest-dynamic-overlay'
    Target 'XCTestDynamicOverlay' in project 'xctest-dynamic-overlay'
        ➜ Explicit dependency on target 'IssueReportingPackageSupport' in project 'xctest-dynamic-overlay'
        ➜ Explicit dependency on target 'IssueReporting' in project 'xctest-dynamic-overlay'
    Target 'Clocks' in project 'swift-clocks'
        ➜ Explicit dependency on target 'Clocks' in project 'swift-clocks'
        ➜ Explicit dependency on target 'ConcurrencyExtras' in project 'swift-concurrency-extras'
        ➜ Explicit dependency on target 'IssueReporting' in project 'xctest-dynamic-overlay'
    Target 'Clocks' in project 'swift-clocks'
        ➜ Explicit dependency on target 'ConcurrencyExtras' in project 'swift-concurrency-extras'
        ➜ Explicit dependency on target 'IssueReporting' in project 'xctest-dynamic-overlay'
    Target 'IssueReporting' in project 'xctest-dynamic-overlay'
        ➜ Explicit dependency on target 'IssueReporting' in project 'xctest-dynamic-overlay'
        ➜ Explicit dependency on target 'IssueReportingPackageSupport' in project 'xctest-dynamic-overlay'
    Target 'IssueReporting' in project 'xctest-dynamic-overlay'
        ➜ Explicit dependency on target 'IssueReportingPackageSupport' in project 'xctest-dynamic-overlay'
    Target 'IssueReportingPackageSupport' in project 'xctest-dynamic-overlay' (no dependencies)
    Target 'HTTPTypes' in project 'swift-http-types'
        ➜ Explicit dependency on target 'HTTPTypes' in project 'swift-http-types'
    Target 'HTTPTypes' in project 'swift-http-types' (no dependencies)
    Target 'ConcurrencyExtras' in project 'swift-concurrency-extras'
        ➜ Explicit dependency on target 'ConcurrencyExtras' in project 'swift-concurrency-extras'
    Target 'ConcurrencyExtras' in project 'swift-concurrency-extras' (no dependencies)

GatherProvisioningInputs

CreateBuildDescription

ExecuteExternalTool /Applications/Xcode.app/Contents/Developer/Toolchains/XcodeDefault.xctoolchain/usr/bin/swiftc --version

ExecuteExternalTool /Applications/Xcode.app/Contents/Developer/Toolchains/XcodeDefault.xctoolchain/usr/bin/clang -v -E -dM -isysroot /Applications/Xcode.app/Contents/Developer/Platforms/iPhoneOS.platform/Developer/SDKs/iPhoneOS26.5.sdk -x c -c /dev/null

ExecuteExternalTool /Applications/Xcode.app/Contents/Developer/usr/bin/actool --print-asset-tag-combinations --output-format xml1 /Users/nalinishranjan/Documents/GitHub/RSMS/luxury/Assets.xcassets

ExecuteExternalTool /Applications/Xcode.app/Contents/Developer/Toolchains/XcodeDefault.xctoolchain/usr/bin/ld -version_details

ReadFileContents /Applications/Xcode.app/Contents/Developer/Toolchains/XcodeDefault.xctoolchain/usr/share/docc/features.json

ExecuteExternalTool /Applications/Xcode.app/Contents/Developer/usr/bin/actool --version --output-format xml1

Build description signature: bcf1877aa631bb50e1ffa78790375edd
Build description path: /Users/nalinishranjan/Library/Developer/Xcode/DerivedData/luxury-grhsifsbjgtqtkchnjgzcrijekki/Build/Intermediates.noindex/XCBuildData/bcf1877aa631bb50e1ffa78790375edd.xcbuilddata
ClangStatCache /Applications/Xcode.app/Contents/Developer/Toolchains/XcodeDefault.xctoolchain/usr/bin/clang-stat-cache /Applications/Xcode.app/Contents/Developer/Platforms/iPhoneOS.platform/Developer/SDKs/iPhoneOS26.5.sdk /Users/nalinishranjan/Library/Developer/Xcode/DerivedData/SDKStatCaches.noindex/iphoneos26.5-23F73-32daed1954a7d5dd0789fcaf2a9bb78b.sdkstatcache
    cd /Users/nalinishranjan/Documents/GitHub/RSMS/luxury.xcodeproj
    /Applications/Xcode.app/Contents/Developer/Toolchains/XcodeDefault.xctoolchain/usr/bin/clang-stat-cache /Applications/Xcode.app/Contents/Developer/Platforms/iPhoneOS.platform/Developer/SDKs/iPhoneOS26.5.sdk -o /Users/nalinishranjan/Library/Developer/Xcode/DerivedData/SDKStatCaches.noindex/iphoneos26.5-23F73-32daed1954a7d5dd0789fcaf2a9bb78b.sdkstatcache

ProcessInfoPlistFile /Users/nalinishranjan/Library/Developer/Xcode/DerivedData/luxury-grhsifsbjgtqtkchnjgzcrijekki/Build/Products/Debug-iphoneos/swift-crypto_Crypto.bundle/Info.plist /Users/nalinishranjan/Library/Developer/Xcode/DerivedData/luxury-grhsifsbjgtqtkchnjgzcrijekki/Build/Intermediates.noindex/swift-crypto.build/Debug-iphoneos/swift-crypto_Crypto.build/empty-swift-crypto_Crypto.plist (in target 'swift-crypto_Crypto' from project 'swift-crypto')
    cd /Users/nalinishranjan/Library/Developer/Xcode/DerivedData/luxury-grhsifsbjgtqtkchnjgzcrijekki/SourcePackages/checkouts/swift-crypto
    builtin-infoPlistUtility /Users/nalinishranjan/Library/Developer/Xcode/DerivedData/luxury-grhsifsbjgtqtkchnjgzcrijekki/Build/Intermediates.noindex/swift-crypto.build/Debug-iphoneos/swift-crypto_Crypto.build/empty-swift-crypto_Crypto.plist -producttype com.apple.product-type.bundle -expandbuildsettings -format binary -platform iphoneos -requiredArchitecture arm64 -o /Users/nalinishranjan/Library/Developer/Xcode/DerivedData/luxury-grhsifsbjgtqtkchnjgzcrijekki/Build/Products/Debug-iphoneos/swift-crypto_Crypto.bundle/Info.plist

SwiftDriver luxury normal arm64 com.apple.xcode.tools.swift.compiler (in target 'luxury' from project 'luxury')
    cd /Users/nalinishranjan/Documents/GitHub/RSMS
    builtin-SwiftDriver -- /Applications/Xcode.app/Contents/Developer/Toolchains/XcodeDefault.xctoolchain/usr/bin/swiftc -module-name luxury -Onone @/Users/nalinishranjan/Library/Developer/Xcode/DerivedData/luxury-grhsifsbjgtqtkchnjgzcrijekki/Build/Intermediates.noindex/luxury.build/Debug-iphoneos/luxury.build/Objects-normal/arm64/luxury.SwiftFileList -DDEBUG -default-isolation\=MainActor -enable-bare-slash-regex -enable-upcoming-feature DisableOutwardActorInference -enable-upcoming-feature InferSendableFromCaptures -enable-upcoming-feature GlobalActorIsolatedTypesUsability -enable-upcoming-feature MemberImportVisibility -enable-upcoming-feature InferIsolatedConformances -enable-upcoming-feature NonisolatedNonsendingByDefault -enable-experimental-feature DebugDescriptionMacro -sdk /Applications/Xcode.app/Contents/Developer/Platforms/iPhoneOS.platform/Developer/SDKs/iPhoneOS26.5.sdk -target arm64-apple-ios26.2 -g -module-cache-path /Users/nalinishranjan/Library/Developer/Xcode/DerivedData/ModuleCache.noindex -Xfrontend -serialize-debugging-options -enable-testing -index-store-path /Users/nalinishranjan/Library/Developer/Xcode/DerivedData/luxury-grhsifsbjgtqtkchnjgzcrijekki/Index.noindex/DataStore -Xcc -D_LIBCPP_HARDENING_MODE\=_LIBCPP_HARDENING_MODE_DEBUG -swift-version 5 -I /Users/nalinishranjan/Library/Developer/Xcode/DerivedData/luxury-grhsifsbjgtqtkchnjgzcrijekki/Build/Products/Debug-iphoneos -F /Users/nalinishranjan/Library/Developer/Xcode/DerivedData/luxury-grhsifsbjgtqtkchnjgzcrijekki/Build/Products/Debug-iphoneos/PackageFrameworks -F /Users/nalinishranjan/Library/Developer/Xcode/DerivedData/luxury-grhsifsbjgtqtkchnjgzcrijekki/Build/Products/Debug-iphoneos/PackageFrameworks -F /Users/nalinishranjan/Library/Developer/Xcode/DerivedData/luxury-grhsifsbjgtqtkchnjgzcrijekki/Build/Products/Debug-iphoneos/PackageFrameworks -F /Users/nalinishranjan/Library/Developer/Xcode/DerivedData/luxury-grhsifsbjgtqtkchnjgzcrijekki/Build/Products/Debug-iphoneos/PackageFrameworks -F /Users/nalinishranjan/Library/Developer/Xcode/DerivedData/luxury-grhsifsbjgtqtkchnjgzcrijekki/Build/Products/Debug-iphoneos/PackageFrameworks -F /Users/nalinishranjan/Library/Developer/Xcode/DerivedData/luxury-grhsifsbjgtqtkchnjgzcrijekki/Build/Products/Debug-iphoneos/PackageFrameworks -F /Users/nalinishranjan/Library/Developer/Xcode/DerivedData/luxury-grhsifsbjgtqtkchnjgzcrijekki/Build/Products/Debug-iphoneos/PackageFrameworks -F /Users/nalinishranjan/Library/Developer/Xcode/DerivedData/luxury-grhsifsbjgtqtkchnjgzcrijekki/Build/Products/Debug-iphoneos/PackageFrameworks -F /Users/nalinishranjan/Library/Developer/Xcode/DerivedData/luxury-grhsifsbjgtqtkchnjgzcrijekki/Build/Products/Debug-iphoneos/PackageFrameworks -F /Users/nalinishranjan/Library/Developer/Xcode/DerivedData/luxury-grhsifsbjgtqtkchnjgzcrijekki/Build/Products/Debug-iphoneos/PackageFrameworks -F /Users/nalinishranjan/Library/Developer/Xcode/DerivedData/luxury-grhsifsbjgtqtkchnjgzcrijekki/Build/Products/Debug-iphoneos/PackageFrameworks -F /Users/nalinishranjan/Library/Developer/Xcode/DerivedData/luxury-grhsifsbjgtqtkchnjgzcrijekki/Build/Products/Debug-iphoneos/PackageFrameworks -F /Users/nalinishranjan/Library/Developer/Xcode/DerivedData/luxury-grhsifsbjgtqtkchnjgzcrijekki/Build/Products/Debug-iphoneos/PackageFrameworks -F /Users/nalinishranjan/Library/Developer/Xcode/DerivedData/luxury-grhsifsbjgtqtkchnjgzcrijekki/Build/Products/Debug-iphoneos/PackageFrameworks -F /Users/nalinishranjan/Library/Developer/Xcode/DerivedData/luxury-grhsifsbjgtqtkchnjgzcrijekki/Build/Products/Debug-iphoneos -emit-localized-strings -emit-localized-strings-path /Users/nalinishranjan/Library/Developer/Xcode/DerivedData/luxury-grhsifsbjgtqtkchnjgzcrijekki/Build/Intermediates.noindex/luxury.build/Debug-iphoneos/luxury.build/Objects-normal/arm64 -c -j8 -enable-batch-mode -incremental -Xcc -ivfsstatcache -Xcc /Users/nalinishranjan/Library/Developer/Xcode/DerivedData/SDKStatCaches.noindex/iphoneos26.5-23F73-32daed1954a7d5dd0789fcaf2a9bb78b.sdkstatcache -output-file-map /Users/nalinishranjan/Library/Developer/Xcode/DerivedData/luxury-grhsifsbjgtqtkchnjgzcrijekki/Build/Intermediates.noindex/luxury.build/Debug-iphoneos/luxury.build/Objects-normal/arm64/luxury-OutputFileMap.json -use-frontend-parseable-output -save-temps -no-color-diagnostics -explicit-module-build -module-cache-path /Users/nalinishranjan/Library/Developer/Xcode/DerivedData/luxury-grhsifsbjgtqtkchnjgzcrijekki/Build/Intermediates.noindex/SwiftExplicitPrecompiledModules -clang-scanner-module-cache-path /Users/nalinishranjan/Library/Developer/Xcode/DerivedData/ModuleCache.noindex -sdk-module-cache-path /Users/nalinishranjan/Library/Developer/Xcode/DerivedData/ModuleCache.noindex -serialize-diagnostics -emit-dependencies -emit-module -emit-module-path /Users/nalinishranjan/Library/Developer/Xcode/DerivedData/luxury-grhsifsbjgtqtkchnjgzcrijekki/Build/Intermediates.noindex/luxury.build/Debug-iphoneos/luxury.build/Objects-normal/arm64/luxury.swiftmodule -validate-clang-modules-once -clang-build-session-file /Users/nalinishranjan/Library/Developer/Xcode/DerivedData/ModuleCache.noindex/Session.modulevalidation -Xcc -I/Users/nalinishranjan/Library/Developer/Xcode/DerivedData/luxury-grhsifsbjgtqtkchnjgzcrijekki/Build/Intermediates.noindex/luxury.build/Debug-iphoneos/luxury.build/swift-overrides.hmap -emit-const-values -Xfrontend -const-gather-protocols-file -Xfrontend /Users/nalinishranjan/Library/Developer/Xcode/DerivedData/luxury-grhsifsbjgtqtkchnjgzcrijekki/Build/Intermediates.noindex/luxury.build/Debug-iphoneos/luxury.build/Objects-normal/arm64/luxury_const_extract_protocols.json -Xcc -iquote -Xcc /Users/nalinishranjan/Library/Developer/Xcode/DerivedData/luxury-grhsifsbjgtqtkchnjgzcrijekki/Build/Intermediates.noindex/luxury.build/Debug-iphoneos/luxury.build/luxury-generated-files.hmap -Xcc -I/Users/nalinishranjan/Library/Developer/Xcode/DerivedData/luxury-grhsifsbjgtqtkchnjgzcrijekki/Build/Intermediates.noindex/luxury.build/Debug-iphoneos/luxury.build/luxury-own-target-headers.hmap -Xcc -I/Users/nalinishranjan/Library/Developer/Xcode/DerivedData/luxury-grhsifsbjgtqtkchnjgzcrijekki/Build/Intermediates.noindex/luxury.build/Debug-iphoneos/luxury.build/luxury-all-non-framework-target-headers.hmap -Xcc -ivfsoverlay -Xcc /Users/nalinishranjan/Library/Developer/Xcode/DerivedData/luxury-grhsifsbjgtqtkchnjgzcrijekki/Build/Intermediates.noindex/luxury.build/Debug-iphoneos/luxury-d58ffe83f7173894a3adec39c0ba4ffd-VFS-iphoneos/all-product-headers.yaml -Xcc -iquote -Xcc /Users/nalinishranjan/Library/Developer/Xcode/DerivedData/luxury-grhsifsbjgtqtkchnjgzcrijekki/Build/Intermediates.noindex/luxury.build/Debug-iphoneos/luxury.build/luxury-project-headers.hmap -Xcc -I/Users/nalinishranjan/Library/Developer/Xcode/DerivedData/luxury-grhsifsbjgtqtkchnjgzcrijekki/Build/Products/Debug-iphoneos/include -Xcc -I/Users/nalinishranjan/Library/Developer/Xcode/DerivedData/luxury-grhsifsbjgtqtkchnjgzcrijekki/Build/Intermediates.noindex/luxury.build/Debug-iphoneos/luxury.build/DerivedSources-normal/arm64 -Xcc -I/Users/nalinishranjan/Library/Developer/Xcode/DerivedData/luxury-grhsifsbjgtqtkchnjgzcrijekki/Build/Intermediates.noindex/luxury.build/Debug-iphoneos/luxury.build/DerivedSources/arm64 -Xcc -I/Users/nalinishranjan/Library/Developer/Xcode/DerivedData/luxury-grhsifsbjgtqtkchnjgzcrijekki/Build/Intermediates.noindex/luxury.build/Debug-iphoneos/luxury.build/DerivedSources -Xcc -DDEBUG\=1 -emit-objc-header -emit-objc-header-path /Users/nalinishranjan/Library/Developer/Xcode/DerivedData/luxury-grhsifsbjgtqtkchnjgzcrijekki/Build/Intermediates.noindex/luxury.build/Debug-iphoneos/luxury.build/Objects-normal/arm64/luxury-Swift.h -working-directory /Users/nalinishranjan/Documents/GitHub/RSMS -experimental-emit-module-separately -disable-cmo

ProcessInfoPlistFile /Users/nalinishranjan/Library/Developer/Xcode/DerivedData/luxury-grhsifsbjgtqtkchnjgzcrijekki/Build/Products/Debug-iphoneos/luxury.app/Info.plist /Users/nalinishranjan/Library/Developer/Xcode/DerivedData/luxury-grhsifsbjgtqtkchnjgzcrijekki/Build/Intermediates.noindex/luxury.build/Debug-iphoneos/luxury.build/empty-luxury.plist (in target 'luxury' from project 'luxury')
    cd /Users/nalinishranjan/Documents/GitHub/RSMS
    builtin-infoPlistUtility /Users/nalinishranjan/Library/Developer/Xcode/DerivedData/luxury-grhsifsbjgtqtkchnjgzcrijekki/Build/Intermediates.noindex/luxury.build/Debug-iphoneos/luxury.build/empty-luxury.plist -producttype com.apple.product-type.application -genpkginfo /Users/nalinishranjan/Library/Developer/Xcode/DerivedData/luxury-grhsifsbjgtqtkchnjgzcrijekki/Build/Products/Debug-iphoneos/luxury.app/PkgInfo -expandbuildsettings -format binary -platform iphoneos -additionalcontentfile /Users/nalinishranjan/Library/Developer/Xcode/DerivedData/luxury-grhsifsbjgtqtkchnjgzcrijekki/Build/Intermediates.noindex/luxury.build/Debug-iphoneos/luxury.build/assetcatalog_generated_info.plist -scanforprivacyfile /Users/nalinishranjan/Library/Developer/Xcode/DerivedData/luxury-grhsifsbjgtqtkchnjgzcrijekki/Build/Products/Debug-iphoneos/luxury.app/swift-crypto_Crypto.bundle -requiredArchitecture arm64 -o /Users/nalinishranjan/Library/Developer/Xcode/DerivedData/luxury-grhsifsbjgtqtkchnjgzcrijekki/Build/Products/Debug-iphoneos/luxury.app/Info.plist

SwiftCompile normal arm64 Compiling\ SupabaseManager.swift,\ UIModels.swift,\ ApprovalService.swift,\ StorageService.swift,\ AccountRegistrationView.swift,\ AuthenticationView.swift,\ DashboardViewModel.swift,\ DiscountApprovalViewModel.swift /Users/nalinishranjan/Documents/GitHub/RSMS/luxury/Config/Managers/SupabaseManager.swift /Users/nalinishranjan/Documents/GitHub/RSMS/luxury/Config/UIModels.swift /Users/nalinishranjan/Documents/GitHub/RSMS/luxury/Core/Auth/Services/ApprovalService.swift /Users/nalinishranjan/Documents/GitHub/RSMS/luxury/Core/Auth/Services/StorageService.swift /Users/nalinishranjan/Documents/GitHub/RSMS/luxury/Core/Auth/Views/AccountRegistrationView.swift /Users/nalinishranjan/Documents/GitHub/RSMS/luxury/Core/Auth/Views/AuthenticationView.swift /Users/nalinishranjan/Documents/GitHub/RSMS/luxury/Core/BoutiqueManager/Dashboard/ViewModels/DashboardViewModel.swift /Users/nalinishranjan/Documents/GitHub/RSMS/luxury/Core/BoutiqueManager/Dashboard/ViewModels/DiscountApprovalViewModel.swift (in target 'luxury' from project 'luxury')

SwiftCompile normal arm64 /Users/nalinishranjan/Documents/GitHub/RSMS/luxury/Config/Managers/SupabaseManager.swift (in target 'luxury' from project 'luxury')
    cd /Users/nalinishranjan/Documents/GitHub/RSMS
    

SwiftCompile normal arm64 /Users/nalinishranjan/Documents/GitHub/RSMS/luxury/Config/UIModels.swift (in target 'luxury' from project 'luxury')
    cd /Users/nalinishranjan/Documents/GitHub/RSMS
    

SwiftCompile normal arm64 /Users/nalinishranjan/Documents/GitHub/RSMS/luxury/Core/Auth/Services/ApprovalService.swift (in target 'luxury' from project 'luxury')
    cd /Users/nalinishranjan/Documents/GitHub/RSMS
    

SwiftCompile normal arm64 /Users/nalinishranjan/Documents/GitHub/RSMS/luxury/Core/Auth/Services/StorageService.swift (in target 'luxury' from project 'luxury')
    cd /Users/nalinishranjan/Documents/GitHub/RSMS
    

SwiftCompile normal arm64 /Users/nalinishranjan/Documents/GitHub/RSMS/luxury/Core/Auth/Views/AccountRegistrationView.swift (in target 'luxury' from project 'luxury')
    cd /Users/nalinishranjan/Documents/GitHub/RSMS
    

SwiftCompile normal arm64 /Users/nalinishranjan/Documents/GitHub/RSMS/luxury/Core/Auth/Views/AuthenticationView.swift (in target 'luxury' from project 'luxury')
    cd /Users/nalinishranjan/Documents/GitHub/RSMS
    

SwiftCompile normal arm64 /Users/nalinishranjan/Documents/GitHub/RSMS/luxury/Core/BoutiqueManager/Dashboard/ViewModels/DashboardViewModel.swift (in target 'luxury' from project 'luxury')
    cd /Users/nalinishranjan/Documents/GitHub/RSMS
    

SwiftCompile normal arm64 /Users/nalinishranjan/Documents/GitHub/RSMS/luxury/Core/BoutiqueManager/Dashboard/ViewModels/DiscountApprovalViewModel.swift (in target 'luxury' from project 'luxury')
    cd /Users/nalinishranjan/Documents/GitHub/RSMS
    

SwiftCompile normal arm64 Compiling\ CatalogDetailView.swift,\ CatalogFormView.swift,\ CatalogsView.swift,\ GlobalInventoryViewModel.swift,\ GlobalInventoryView.swift,\ ProductStockDetailView.swift,\ BoutiqueDetailView.swift,\ UserManagementView.swift /Users/nalinishranjan/Documents/GitHub/RSMS/luxury/Core/CorporateAdmin/Catalogs/Views/CatalogDetailView.swift /Users/nalinishranjan/Documents/GitHub/RSMS/luxury/Core/CorporateAdmin/Catalogs/Views/CatalogFormView.swift /Users/nalinishranjan/Documents/GitHub/RSMS/luxury/Core/CorporateAdmin/Catalogs/Views/CatalogsView.swift /Users/nalinishranjan/Documents/GitHub/RSMS/luxury/Core/CorporateAdmin/Inventory/ViewModels/GlobalInventoryViewModel.swift /Users/nalinishranjan/Documents/GitHub/RSMS/luxury/Core/CorporateAdmin/Inventory/Views/GlobalInventoryView.swift /Users/nalinishranjan/Documents/GitHub/RSMS/luxury/Core/CorporateAdmin/Inventory/Views/ProductStockDetailView.swift /Users/nalinishranjan/Documents/GitHub/RSMS/luxury/Core/CorporateAdmin/Users/Views/BoutiqueDetailView.swift /Users/nalinishranjan/Documents/GitHub/RSMS/luxury/Core/CorporateAdmin/Users/Views/UserManagementView.swift (in target 'luxury' from project 'luxury')
SwiftCompile normal arm64 /Users/nalinishranjan/Documents/GitHub/RSMS/luxury/Core/CorporateAdmin/Catalogs/Views/CatalogDetailView.swift (in target 'luxury' from project 'luxury')
    cd /Users/nalinishranjan/Documents/GitHub/RSMS
    

SwiftCompile normal arm64 /Users/nalinishranjan/Documents/GitHub/RSMS/luxury/Core/CorporateAdmin/Catalogs/Views/CatalogFormView.swift (in target 'luxury' from project 'luxury')
    cd /Users/nalinishranjan/Documents/GitHub/RSMS
    

SwiftCompile normal arm64 /Users/nalinishranjan/Documents/GitHub/RSMS/luxury/Core/CorporateAdmin/Catalogs/Views/CatalogsView.swift (in target 'luxury' from project 'luxury')
    cd /Users/nalinishranjan/Documents/GitHub/RSMS
    

SwiftCompile normal arm64 /Users/nalinishranjan/Documents/GitHub/RSMS/luxury/Core/CorporateAdmin/Inventory/ViewModels/GlobalInventoryViewModel.swift (in target 'luxury' from project 'luxury')
    cd /Users/nalinishranjan/Documents/GitHub/RSMS
    

SwiftCompile normal arm64 /Users/nalinishranjan/Documents/GitHub/RSMS/luxury/Core/CorporateAdmin/Inventory/Views/GlobalInventoryView.swift (in target 'luxury' from project 'luxury')
    cd /Users/nalinishranjan/Documents/GitHub/RSMS
    

SwiftCompile normal arm64 /Users/nalinishranjan/Documents/GitHub/RSMS/luxury/Core/CorporateAdmin/Inventory/Views/ProductStockDetailView.swift (in target 'luxury' from project 'luxury')
    cd /Users/nalinishranjan/Documents/GitHub/RSMS
    

SwiftCompile normal arm64 /Users/nalinishranjan/Documents/GitHub/RSMS/luxury/Core/CorporateAdmin/Users/Views/BoutiqueDetailView.swift (in target 'luxury' from project 'luxury')
    cd /Users/nalinishranjan/Documents/GitHub/RSMS
    

SwiftCompile normal arm64 /Users/nalinishranjan/Documents/GitHub/RSMS/luxury/Core/CorporateAdmin/Users/Views/UserManagementView.swift (in target 'luxury' from project 'luxury')
    cd /Users/nalinishranjan/Documents/GitHub/RSMS
    

SwiftCompile normal arm64 Compiling\ AppRoutes.swift,\ NavigationModels.swift,\ CustomButton.swift,\ SupabaseConfig.swift,\ CatalogModels.swift,\ ClientEntity.swift,\ InventoryModels.swift,\ PurchasedItemEntity.swift /Users/nalinishranjan/Documents/GitHub/RSMS/luxury/App/Navigation/AppRoutes.swift /Users/nalinishranjan/Documents/GitHub/RSMS/luxury/App/Navigation/NavigationModels.swift /Users/nalinishranjan/Documents/GitHub/RSMS/luxury/App/Widgets/CustomButton.swift /Users/nalinishranjan/Documents/GitHub/RSMS/luxury/Config/Constants/SupabaseConfig.swift /Users/nalinishranjan/Documents/GitHub/RSMS/luxury/Config/Entities/CatalogModels.swift /Users/nalinishranjan/Documents/GitHub/RSMS/luxury/Config/Entities/ClientEntity.swift /Users/nalinishranjan/Documents/GitHub/RSMS/luxury/Config/Entities/InventoryModels.swift /Users/nalinishranjan/Documents/GitHub/RSMS/luxury/Config/Entities/PurchasedItemEntity.swift (in target 'luxury' from project 'luxury')

SwiftCompile normal arm64 /Users/nalinishranjan/Documents/GitHub/RSMS/luxury/App/Navigation/AppRoutes.swift (in target 'luxury' from project 'luxury')
    cd /Users/nalinishranjan/Documents/GitHub/RSMS
    

SwiftCompile normal arm64 /Users/nalinishranjan/Documents/GitHub/RSMS/luxury/App/Navigation/NavigationModels.swift (in target 'luxury' from project 'luxury')
    cd /Users/nalinishranjan/Documents/GitHub/RSMS
    

SwiftCompile normal arm64 /Users/nalinishranjan/Documents/GitHub/RSMS/luxury/App/Widgets/CustomButton.swift (in target 'luxury' from project 'luxury')
    cd /Users/nalinishranjan/Documents/GitHub/RSMS
    

SwiftCompile normal arm64 /Users/nalinishranjan/Documents/GitHub/RSMS/luxury/Config/Constants/SupabaseConfig.swift (in target 'luxury' from project 'luxury')
    cd /Users/nalinishranjan/Documents/GitHub/RSMS
    

SwiftCompile normal arm64 /Users/nalinishranjan/Documents/GitHub/RSMS/luxury/Config/Entities/CatalogModels.swift (in target 'luxury' from project 'luxury')
    cd /Users/nalinishranjan/Documents/GitHub/RSMS
    

SwiftCompile normal arm64 /Users/nalinishranjan/Documents/GitHub/RSMS/luxury/Config/Entities/ClientEntity.swift (in target 'luxury' from project 'luxury')
    cd /Users/nalinishranjan/Documents/GitHub/RSMS
    

SwiftCompile normal arm64 /Users/nalinishranjan/Documents/GitHub/RSMS/luxury/Config/Entities/InventoryModels.swift (in target 'luxury' from project 'luxury')
    cd /Users/nalinishranjan/Documents/GitHub/RSMS
    

SwiftCompile normal arm64 /Users/nalinishranjan/Documents/GitHub/RSMS/luxury/Config/Entities/PurchasedItemEntity.swift (in target 'luxury' from project 'luxury')
    cd /Users/nalinishranjan/Documents/GitHub/RSMS
    

SwiftCompile normal arm64 Compiling\ BMAppointmentDetailView.swift,\ DashboardView.swift,\ DiscountApprovalView.swift,\ ManagerApprovalViews.swift,\ SalesTargetCard.swift,\ TeamView.swift,\ CatalogService.swift,\ CatalogsViewModel.swift /Users/nalinishranjan/Documents/GitHub/RSMS/luxury/Core/BoutiqueManager/Dashboard/Views/BMAppointmentDetailView.swift /Users/nalinishranjan/Documents/GitHub/RSMS/luxury/Core/BoutiqueManager/Dashboard/Views/DashboardView.swift /Users/nalinishranjan/Documents/GitHub/RSMS/luxury/Core/BoutiqueManager/Dashboard/Views/DiscountApprovalView.swift /Users/nalinishranjan/Documents/GitHub/RSMS/luxury/Core/BoutiqueManager/Dashboard/Views/ManagerApprovalViews.swift /Users/nalinishranjan/Documents/GitHub/RSMS/luxury/Core/BoutiqueManager/Dashboard/Views/SalesTargetCard.swift /Users/nalinishranjan/Documents/GitHub/RSMS/luxury/Core/BoutiqueManager/Team/Views/TeamView.swift /Users/nalinishranjan/Documents/GitHub/RSMS/luxury/Core/CorporateAdmin/Catalogs/Services/CatalogService.swift /Users/nalinishranjan/Documents/GitHub/RSMS/luxury/Core/CorporateAdmin/Catalogs/ViewModels/CatalogsViewModel.swift (in target 'luxury' from project 'luxury')

SwiftCompile normal arm64 /Users/nalinishranjan/Documents/GitHub/RSMS/luxury/Core/BoutiqueManager/Dashboard/Views/BMAppointmentDetailView.swift (in target 'luxury' from project 'luxury')
    cd /Users/nalinishranjan/Documents/GitHub/RSMS
    

SwiftCompile normal arm64 /Users/nalinishranjan/Documents/GitHub/RSMS/luxury/Core/BoutiqueManager/Dashboard/Views/DashboardView.swift (in target 'luxury' from project 'luxury')
    cd /Users/nalinishranjan/Documents/GitHub/RSMS
    

SwiftCompile normal arm64 /Users/nalinishranjan/Documents/GitHub/RSMS/luxury/Core/BoutiqueManager/Dashboard/Views/DiscountApprovalView.swift (in target 'luxury' from project 'luxury')
    cd /Users/nalinishranjan/Documents/GitHub/RSMS
    

SwiftCompile normal arm64 /Users/nalinishranjan/Documents/GitHub/RSMS/luxury/Core/BoutiqueManager/Dashboard/Views/ManagerApprovalViews.swift (in target 'luxury' from project 'luxury')
    cd /Users/nalinishranjan/Documents/GitHub/RSMS
    

SwiftCompile normal arm64 /Users/nalinishranjan/Documents/GitHub/RSMS/luxury/Core/BoutiqueManager/Dashboard/Views/SalesTargetCard.swift (in target 'luxury' from project 'luxury')
    cd /Users/nalinishranjan/Documents/GitHub/RSMS
    

SwiftCompile normal arm64 /Users/nalinishranjan/Documents/GitHub/RSMS/luxury/Core/BoutiqueManager/Team/Views/TeamView.swift (in target 'luxury' from project 'luxury')
    cd /Users/nalinishranjan/Documents/GitHub/RSMS
    

SwiftCompile normal arm64 /Users/nalinishranjan/Documents/GitHub/RSMS/luxury/Core/CorporateAdmin/Catalogs/Services/CatalogService.swift (in target 'luxury' from project 'luxury')
    cd /Users/nalinishranjan/Documents/GitHub/RSMS
    

SwiftCompile normal arm64 /Users/nalinishranjan/Documents/GitHub/RSMS/luxury/Core/CorporateAdmin/Catalogs/ViewModels/CatalogsViewModel.swift (in target 'luxury' from project 'luxury')
    cd /Users/nalinishranjan/Documents/GitHub/RSMS
    

SwiftCompile normal arm64 Compiling\ UserManagementViewModel.swift,\ CorporateAdminCanvas.swift,\ NetworkMonitor.swift,\ ActiveScanViewModel.swift,\ ActiveScanView.swift,\ BarcodeScanViewModel.swift,\ StockViewModel.swift,\ BarcodeScanView.swift /Users/nalinishranjan/Documents/GitHub/RSMS/luxury/Core/CorporateAdmin/ViewModels/UserManagementViewModel.swift /Users/nalinishranjan/Documents/GitHub/RSMS/luxury/Core/CorporateAdmin/CorporateAdminCanvas.swift /Users/nalinishranjan/Documents/GitHub/RSMS/luxury/Core/InventoryController/RFID/Services/NetworkMonitor.swift /Users/nalinishranjan/Documents/GitHub/RSMS/luxury/Core/InventoryController/RFID/ViewModels/ActiveScanViewModel.swift /Users/nalinishranjan/Documents/GitHub/RSMS/luxury/Core/InventoryController/RFID/Views/ActiveScanView.swift /Users/nalinishranjan/Documents/GitHub/RSMS/luxury/Core/InventoryController/Stock/ViewModels/BarcodeScanViewModel.swift /Users/nalinishranjan/Documents/GitHub/RSMS/luxury/Core/InventoryController/Stock/ViewModels/StockViewModel.swift /Users/nalinishranjan/Documents/GitHub/RSMS/luxury/Core/InventoryController/Stock/Views/BarcodeScanView.swift (in target 'luxury' from project 'luxury')

SwiftCompile normal arm64 /Users/nalinishranjan/Documents/GitHub/RSMS/luxury/Core/CorporateAdmin/ViewModels/UserManagementViewModel.swift (in target 'luxury' from project 'luxury')
    cd /Users/nalinishranjan/Documents/GitHub/RSMS
    

SwiftCompile normal arm64 /Users/nalinishranjan/Documents/GitHub/RSMS/luxury/Core/CorporateAdmin/CorporateAdminCanvas.swift (in target 'luxury' from project 'luxury')
    cd /Users/nalinishranjan/Documents/GitHub/RSMS
    

SwiftCompile normal arm64 /Users/nalinishranjan/Documents/GitHub/RSMS/luxury/Core/InventoryController/RFID/Services/NetworkMonitor.swift (in target 'luxury' from project 'luxury')
    cd /Users/nalinishranjan/Documents/GitHub/RSMS
    

SwiftCompile normal arm64 /Users/nalinishranjan/Documents/GitHub/RSMS/luxury/Core/InventoryController/RFID/ViewModels/ActiveScanViewModel.swift (in target 'luxury' from project 'luxury')
    cd /Users/nalinishranjan/Documents/GitHub/RSMS
    

SwiftCompile normal arm64 /Users/nalinishranjan/Documents/GitHub/RSMS/luxury/Core/InventoryController/RFID/Views/ActiveScanView.swift (in target 'luxury' from project 'luxury')
    cd /Users/nalinishranjan/Documents/GitHub/RSMS
    

SwiftCompile normal arm64 /Users/nalinishranjan/Documents/GitHub/RSMS/luxury/Core/InventoryController/Stock/ViewModels/BarcodeScanViewModel.swift (in target 'luxury' from project 'luxury')
    cd /Users/nalinishranjan/Documents/GitHub/RSMS
    

SwiftCompile normal arm64 /Users/nalinishranjan/Documents/GitHub/RSMS/luxury/Core/InventoryController/Stock/ViewModels/StockViewModel.swift (in target 'luxury' from project 'luxury')
    cd /Users/nalinishranjan/Documents/GitHub/RSMS
    

SwiftCompile normal arm64 /Users/nalinishranjan/Documents/GitHub/RSMS/luxury/Core/InventoryController/Stock/Views/BarcodeScanView.swift (in target 'luxury' from project 'luxury')
    cd /Users/nalinishranjan/Documents/GitHub/RSMS
    

SwiftEmitModule normal arm64 Emitting\ module\ for\ luxury (in target 'luxury' from project 'luxury')

EmitSwiftModule normal arm64 (in target 'luxury' from project 'luxury')
    cd /Users/nalinishranjan/Documents/GitHub/RSMS
    

SwiftCompile normal arm64 Compiling\ ClientDetailViewModel.swift,\ ClientelingViewModel.swift,\ ClientelingView.swift,\ ClientProfileView.swift,\ EditClientView.swift,\ NewClientView.swift,\ SellingViewModel.swift,\ SalesProductDetailView.swift /Users/nalinishranjan/Documents/GitHub/RSMS/luxury/Core/SalesAssociate/Clienteling/ViewModels/ClientDetailViewModel.swift /Users/nalinishranjan/Documents/GitHub/RSMS/luxury/Core/SalesAssociate/Clienteling/ViewModels/ClientelingViewModel.swift /Users/nalinishranjan/Documents/GitHub/RSMS/luxury/Core/SalesAssociate/Clienteling/Views/ClientelingView.swift /Users/nalinishranjan/Documents/GitHub/RSMS/luxury/Core/SalesAssociate/Clienteling/Views/ClientProfileView.swift /Users/nalinishranjan/Documents/GitHub/RSMS/luxury/Core/SalesAssociate/Clienteling/Views/EditClientView.swift /Users/nalinishranjan/Documents/GitHub/RSMS/luxury/Core/SalesAssociate/Clienteling/Views/NewClientView.swift /Users/nalinishranjan/Documents/GitHub/RSMS/luxury/Core/SalesAssociate/Selling/ViewModels/SellingViewModel.swift /Users/nalinishranjan/Documents/GitHub/RSMS/luxury/Core/SalesAssociate/Selling/Views/SalesProductDetailView.swift (in target 'luxury' from project 'luxury')
SwiftCompile normal arm64 /Users/nalinishranjan/Documents/GitHub/RSMS/luxury/Core/SalesAssociate/Clienteling/ViewModels/ClientDetailViewModel.swift (in target 'luxury' from project 'luxury')
    cd /Users/nalinishranjan/Documents/GitHub/RSMS
    
<unknown>:0: error: cannot open constant extraction protocol list input file from /Users/nalinishranjan/Library/Developer/Xcode/DerivedData/luxury-grhsifsbjgtqtkchnjgzcrijekki/Build/Intermediates.noindex/luxury.build/Debug-iphoneos/luxury.build/Objects-normal/arm64/luxury_const_extract_protocols.json

SwiftCompile normal arm64 /Users/nalinishranjan/Documents/GitHub/RSMS/luxury/Core/SalesAssociate/Clienteling/ViewModels/ClientelingViewModel.swift (in target 'luxury' from project 'luxury')
    cd /Users/nalinishranjan/Documents/GitHub/RSMS
    
<unknown>:0: error: cannot open constant extraction protocol list input file from /Users/nalinishranjan/Library/Developer/Xcode/DerivedData/luxury-grhsifsbjgtqtkchnjgzcrijekki/Build/Intermediates.noindex/luxury.build/Debug-iphoneos/luxury.build/Objects-normal/arm64/luxury_const_extract_protocols.json

SwiftCompile normal arm64 /Users/nalinishranjan/Documents/GitHub/RSMS/luxury/Core/SalesAssociate/Clienteling/Views/ClientelingView.swift (in target 'luxury' from project 'luxury')
    cd /Users/nalinishranjan/Documents/GitHub/RSMS
    
<unknown>:0: error: cannot open constant extraction protocol list input file from /Users/nalinishranjan/Library/Developer/Xcode/DerivedData/luxury-grhsifsbjgtqtkchnjgzcrijekki/Build/Intermediates.noindex/luxury.build/Debug-iphoneos/luxury.build/Objects-normal/arm64/luxury_const_extract_protocols.json

SwiftCompile normal arm64 /Users/nalinishranjan/Documents/GitHub/RSMS/luxury/Core/SalesAssociate/Clienteling/Views/ClientProfileView.swift (in target 'luxury' from project 'luxury')
    cd /Users/nalinishranjan/Documents/GitHub/RSMS
    
/Users/nalinishranjan/Documents/GitHub/RSMS/luxury/Core/SalesAssociate/Clienteling/Views/ClientProfileView.swift:744:45: error: the compiler is unable to type-check this expression in reasonable time; try breaking up the expression into distinct sub-expressions
                                            Text(product.brand.uppercased())
                                            ^~~~~~~~~~~~~~~~~~~~~~~~~~~~~~~~
/Users/nalinishranjan/Documents/GitHub/RSMS/luxury/Core/SalesAssociate/Clienteling/Views/ClientProfileView.swift:956:45: error: the compiler is unable to type-check this expression in reasonable time; try breaking up the expression into distinct sub-expressions
                                            Text(product.brand.uppercased())
                                            ^~~~~~~~~~~~~~~~~~~~~~~~~~~~~~~~
<unknown>:0: error: cannot open constant extraction protocol list input file from /Users/nalinishranjan/Library/Developer/Xcode/DerivedData/luxury-grhsifsbjgtqtkchnjgzcrijekki/Build/Intermediates.noindex/luxury.build/Debug-iphoneos/luxury.build/Objects-normal/arm64/luxury_const_extract_protocols.json

SwiftCompile normal arm64 /Users/nalinishranjan/Documents/GitHub/RSMS/luxury/Core/SalesAssociate/Clienteling/Views/EditClientView.swift (in target 'luxury' from project 'luxury')
    cd /Users/nalinishranjan/Documents/GitHub/RSMS
    
<unknown>:0: error: cannot open constant extraction protocol list input file from /Users/nalinishranjan/Library/Developer/Xcode/DerivedData/luxury-grhsifsbjgtqtkchnjgzcrijekki/Build/Intermediates.noindex/luxury.build/Debug-iphoneos/luxury.build/Objects-normal/arm64/luxury_const_extract_protocols.json

SwiftCompile normal arm64 /Users/nalinishranjan/Documents/GitHub/RSMS/luxury/Core/SalesAssociate/Clienteling/Views/NewClientView.swift (in target 'luxury' from project 'luxury')
    cd /Users/nalinishranjan/Documents/GitHub/RSMS
    
<unknown>:0: error: cannot open constant extraction protocol list input file from /Users/nalinishranjan/Library/Developer/Xcode/DerivedData/luxury-grhsifsbjgtqtkchnjgzcrijekki/Build/Intermediates.noindex/luxury.build/Debug-iphoneos/luxury.build/Objects-normal/arm64/luxury_const_extract_protocols.json

SwiftCompile normal arm64 /Users/nalinishranjan/Documents/GitHub/RSMS/luxury/Core/SalesAssociate/Selling/ViewModels/SellingViewModel.swift (in target 'luxury' from project 'luxury')
    cd /Users/nalinishranjan/Documents/GitHub/RSMS
    
<unknown>:0: error: cannot open constant extraction protocol list input file from /Users/nalinishranjan/Library/Developer/Xcode/DerivedData/luxury-grhsifsbjgtqtkchnjgzcrijekki/Build/Intermediates.noindex/luxury.build/Debug-iphoneos/luxury.build/Objects-normal/arm64/luxury_const_extract_protocols.json

SwiftCompile normal arm64 /Users/nalinishranjan/Documents/GitHub/RSMS/luxury/Core/SalesAssociate/Selling/Views/SalesProductDetailView.swift (in target 'luxury' from project 'luxury')
    cd /Users/nalinishranjan/Documents/GitHub/RSMS
    
<unknown>:0: error: cannot open constant extraction protocol list input file from /Users/nalinishranjan/Library/Developer/Xcode/DerivedData/luxury-grhsifsbjgtqtkchnjgzcrijekki/Build/Intermediates.noindex/luxury.build/Debug-iphoneos/luxury.build/Objects-normal/arm64/luxury_const_extract_protocols.json

Failed frontend command:
/Applications/Xcode.app/Contents/Developer/Toolchains/XcodeDefault.xctoolchain/usr/bin/swift-frontend -frontend -c -filelist /Users/nalinishranjan/Library/Developer/Xcode/DerivedData/luxury-grhsifsbjgtqtkchnjgzcrijekki/Build/Intermediates.noindex/luxury.build/Debug-iphoneos/luxury.build/Objects-normal/arm64/sources-1 -primary-file /Users/nalinishranjan/Documents/GitHub/RSMS/luxury/Core/SalesAssociate/Clienteling/ViewModels/ClientDetailViewModel.swift -primary-file /Users/nalinishranjan/Documents/GitHub/RSMS/luxury/Core/SalesAssociate/Clienteling/ViewModels/ClientelingViewModel.swift -primary-file /Users/nalinishranjan/Documents/GitHub/RSMS/luxury/Core/SalesAssociate/Clienteling/Views/ClientelingView.swift -primary-file /Users/nalinishranjan/Documents/GitHub/RSMS/luxury/Core/SalesAssociate/Clienteling/Views/ClientProfileView.swift -primary-file /Users/nalinishranjan/Documents/GitHub/RSMS/luxury/Core/SalesAssociate/Clienteling/Views/EditClientView.swift -primary-file /Users/nalinishranjan/Documents/GitHub/RSMS/luxury/Core/SalesAssociate/Clienteling/Views/NewClientView.swift -primary-file /Users/nalinishranjan/Documents/GitHub/RSMS/luxury/Core/SalesAssociate/Selling/ViewModels/SellingViewModel.swift -primary-file /Users/nalinishranjan/Documents/GitHub/RSMS/luxury/Core/SalesAssociate/Selling/Views/SalesProductDetailView.swift -supplementary-output-file-map /Users/nalinishranjan/Library/Developer/Xcode/DerivedData/luxury-grhsifsbjgtqtkchnjgzcrijekki/Build/Intermediates.noindex/luxury.build/Debug-iphoneos/luxury.build/Objects-normal/arm64/supplementaryOutputs-7 -emit-localized-strings -emit-localized-strings-path /Users/nalinishranjan/Library/Developer/Xcode/DerivedData/luxury-grhsifsbjgtqtkchnjgzcrijekki/Build/Intermediates.noindex/luxury.build/Debug-iphoneos/luxury.build/Objects-normal/arm64 -target arm64-apple-ios26.2 -module-can-import-version DeveloperToolsSupport 23.40.26 23.40.26 -module-can-import-version SwiftUI 7.5.3 7.5.3 -module-can-import-version UIKit 9126.5.5.2 9126.5.5 -disable-cross-import-overlay-search -swift-module-cross-import PhotosUI /Applications/Xcode.app/Contents/Developer/Platforms/iPhoneOS.platform/Developer/SDKs/iPhoneOS.sdk/System/Library/Frameworks/PhotosUI.framework/Modules/PhotosUI.swiftcrossimport/SwiftUI.swiftoverlay -swift-module-cross-import PhotosUI /Applications/Xcode.app/Contents/Developer/Platforms/iPhoneOS.platform/Developer/SDKs/iPhoneOS.sdk/System/Library/Frameworks/PhotosUI.framework/Modules/PhotosUI.swiftcrossimport/WidgetKit.swiftoverlay -swift-module-cross-import PhotosUI /Applications/Xcode.app/Contents/Developer/Platforms/iPhoneOS.platform/Developer/SDKs/iPhoneOS26.5.sdk/System/Library/Frameworks/PhotosUI.framework/Modules/PhotosUI.swiftcrossimport/SwiftUI.swiftoverlay -swift-module-cross-import PhotosUI /Applications/Xcode.app/Contents/Developer/Platforms/iPhoneOS.platform/Developer/SDKs/iPhoneOS26.5.sdk/System/Library/Frameworks/PhotosUI.framework/Modules/PhotosUI.swiftcrossimport/WidgetKit.swiftoverlay -load-resolved-plugin /Applications/Xcode.app/Contents/Developer/Platforms/iPhoneOS.platform/Developer/usr/lib/swift/host/plugins/libFoundationMacros.dylib\#/Applications/Xcode.app/Contents/Developer/Platforms/iPhoneOS.platform/Developer/usr/bin/swift-plugin-server\#FoundationMacros -load-resolved-plugin /Applications/Xcode.app/Contents/Developer/Platforms/iPhoneOS.platform/Developer/usr/lib/swift/host/plugins/libObservationMacros.dylib\#/Applications/Xcode.app/Contents/Developer/Platforms/iPhoneOS.platform/Developer/usr/bin/swift-plugin-server\#ObservationMacros -load-resolved-plugin /Applications/Xcode.app/Contents/Developer/Platforms/iPhoneOS.platform/Developer/usr/lib/swift/host/plugins/libPreviewsMacros.dylib\#/Applications/Xcode.app/Contents/Developer/Platforms/iPhoneOS.platform/Developer/usr/bin/swift-plugin-server\#PreviewsMacros -load-resolved-plugin /Applications/Xcode.app/Contents/Developer/Platforms/iPhoneOS.platform/Developer/usr/lib/swift/host/plugins/libSwiftMacros.dylib\#/Applications/Xcode.app/Contents/Developer/Platforms/iPhoneOS.platform/Developer/usr/bin/swift-plugin-server\#SwiftMacros -load-resolved-plugin /Applications/Xcode.app/Contents/Developer/Platforms/iPhoneOS.platform/Developer/usr/lib/swift/host/plugins/libSwiftUIMacros.dylib\#/Applications/Xcode.app/Contents/Developer/Platforms/iPhoneOS.platform/Developer/usr/bin/swift-plugin-server\#SwiftUIMacros -disable-implicit-swift-modules -Xcc -fno-implicit-modules -Xcc -fno-implicit-module-maps -explicit-swift-module-map-file /Users/nalinishranjan/Library/Developer/Xcode/DerivedData/luxury-grhsifsbjgtqtkchnjgzcrijekki/Build/Intermediates.noindex/luxury.build/Debug-iphoneos/luxury.build/Objects-normal/arm64/luxury-dependencies-1.json -debug-module-path /Users/nalinishranjan/Library/Developer/Xcode/DerivedData/luxury-grhsifsbjgtqtkchnjgzcrijekki/Build/Intermediates.noindex/luxury.build/Debug-iphoneos/luxury.build/Objects-normal/arm64/luxury.swiftmodule -Xllvm -aarch64-use-tbi -enable-objc-interop -stack-check -sdk /Applications/Xcode.app/Contents/Developer/Platforms/iPhoneOS.platform/Developer/SDKs/iPhoneOS26.5.sdk -I /Users/nalinishranjan/Library/Developer/Xcode/DerivedData/luxury-grhsifsbjgtqtkchnjgzcrijekki/Build/Products/Debug-iphoneos -F /Users/nalinishranjan/Library/Developer/Xcode/DerivedData/luxury-grhsifsbjgtqtkchnjgzcrijekki/Build/Products/Debug-iphoneos/PackageFrameworks -F /Users/nalinishranjan/Library/Developer/Xcode/DerivedData/luxury-grhsifsbjgtqtkchnjgzcrijekki/Build/Products/Debug-iphoneos/PackageFrameworks -F /Users/nalinishranjan/Library/Developer/Xcode/DerivedData/luxury-grhsifsbjgtqtkchnjgzcrijekki/Build/Products/Debug-iphoneos/PackageFrameworks -F /Users/nalinishranjan/Library/Developer/Xcode/DerivedData/luxury-grhsifsbjgtqtkchnjgzcrijekki/Build/Products/Debug-iphoneos/PackageFrameworks -F /Users/nalinishranjan/Library/Developer/Xcode/DerivedData/luxury-grhsifsbjgtqtkchnjgzcrijekki/Build/Products/Debug-iphoneos/PackageFrameworks -F /Users/nalinishranjan/Library/Developer/Xcode/DerivedData/luxury-grhsifsbjgtqtkchnjgzcrijekki/Build/Products/Debug-iphoneos/PackageFrameworks -F /Users/nalinishranjan/Library/Developer/Xcode/DerivedData/luxury-grhsifsbjgtqtkchnjgzcrijekki/Build/Products/Debug-iphoneos/PackageFrameworks -F /Users/nalinishranjan/Library/Developer/Xcode/DerivedData/luxury-grhsifsbjgtqtkchnjgzcrijekki/Build/Products/Debug-iphoneos/PackageFrameworks -F /Users/nalinishranjan/Library/Developer/Xcode/DerivedData/luxury-grhsifsbjgtqtkchnjgzcrijekki/Build/Products/Debug-iphoneos/PackageFrameworks -F /Users/nalinishranjan/Library/Developer/Xcode/DerivedData/luxury-grhsifsbjgtqtkchnjgzcrijekki/Build/Products/Debug-iphoneos/PackageFrameworks -F /Users/nalinishranjan/Library/Developer/Xcode/DerivedData/luxury-grhsifsbjgtqtkchnjgzcrijekki/Build/Products/Debug-iphoneos/PackageFrameworks -F /Users/nalinishranjan/Library/Developer/Xcode/DerivedData/luxury-grhsifsbjgtqtkchnjgzcrijekki/Build/Products/Debug-iphoneos/PackageFrameworks -F /Users/nalinishranjan/Library/Developer/Xcode/DerivedData/luxury-grhsifsbjgtqtkchnjgzcrijekki/Build/Products/Debug-iphoneos/PackageFrameworks -F /Users/nalinishranjan/Library/Developer/Xcode/DerivedData/luxury-grhsifsbjgtqtkchnjgzcrijekki/Build/Products/Debug-iphoneos/PackageFrameworks -F /Users/nalinishranjan/Library/Developer/Xcode/DerivedData/luxury-grhsifsbjgtqtkchnjgzcrijekki/Build/Products/Debug-iphoneos -no-color-diagnostics -Xcc -fno-color-diagnostics -enable-testing -g -debug-info-format\=dwarf -dwarf-version\=5 -module-cache-path /Users/nalinishranjan/Library/Developer/Xcode/DerivedData/luxury-grhsifsbjgtqtkchnjgzcrijekki/Build/Intermediates.noindex/SwiftExplicitPrecompiledModules -swift-version 5 -Onone -D DEBUG -serialize-debugging-options -const-gather-protocols-file /Users/nalinishranjan/Library/Developer/Xcode/DerivedData/luxury-grhsifsbjgtqtkchnjgzcrijekki/Build/Intermediates.noindex/luxury.build/Debug-iphoneos/luxury.build/Objects-normal/arm64/luxury_const_extract_protocols.json -enable-upcoming-feature DisableOutwardActorInference -enable-upcoming-feature InferSendableFromCaptures -enable-upcoming-feature GlobalActorIsolatedTypesUsability -enable-upcoming-feature MemberImportVisibility -enable-upcoming-feature InferIsolatedConformances -enable-upcoming-feature NonisolatedNonsendingByDefault -enable-experimental-feature DebugDescriptionMacro -enable-bare-slash-regex -default-isolation\=MainActor -empty-abi-descriptor -validate-clang-modules-once -clang-build-session-file /Users/nalinishranjan/Library/Developer/Xcode/DerivedData/ModuleCache.noindex/Session.modulevalidation -Xcc -working-directory -Xcc /Users/nalinishranjan/Documents/GitHub/RSMS -enable-anonymous-context-mangled-names -file-compilation-dir /Users/nalinishranjan/Documents/GitHub/RSMS -Xcc -D_LIBCPP_HARDENING_MODE\=_LIBCPP_HARDENING_MODE_DEBUG -Xcc -ivfsstatcache -Xcc /Users/nalinishranjan/Library/Developer/Xcode/DerivedData/SDKStatCaches.noindex/iphoneos26.5-23F73-32daed1954a7d5dd0789fcaf2a9bb78b.sdkstatcache -Xcc -I/Users/nalinishranjan/Library/Developer/Xcode/DerivedData/luxury-grhsifsbjgtqtkchnjgzcrijekki/Build/Intermediates.noindex/luxury.build/Debug-iphoneos/luxury.build/swift-overrides.hmap -Xcc -iquote -Xcc /Users/nalinishranjan/Library/Developer/Xcode/DerivedData/luxury-grhsifsbjgtqtkchnjgzcrijekki/Build/Intermediates.noindex/luxury.build/Debug-iphoneos/luxury.build/luxury-generated-files.hmap -Xcc -I/Users/nalinishranjan/Library/Developer/Xcode/DerivedData/luxury-grhsifsbjgtqtkchnjgzcrijekki/Build/Intermediates.noindex/luxury.build/Debug-iphoneos/luxury.build/luxury-own-target-headers.hmap -Xcc -I/Users/nalinishranjan/Library/Developer/Xcode/DerivedData/luxury-grhsifsbjgtqtkchnjgzcrijekki/Build/Intermediates.noindex/luxury.build/Debug-iphoneos/luxury.build/luxury-all-non-framework-target-headers.hmap -Xcc -ivfsoverlay -Xcc /Users/nalinishranjan/Library/Developer/Xcode/DerivedData/luxury-grhsifsbjgtqtkchnjgzcrijekki/Build/Intermediates.noindex/luxury.build/Debug-iphoneos/luxury-d58ffe83f7173894a3adec39c0ba4ffd-VFS-iphoneos/all-product-headers.yaml -Xcc -iquote -Xcc /Users/nalinishranjan/Library/Developer/Xcode/DerivedData/luxury-grhsifsbjgtqtkchnjgzcrijekki/Build/Intermediates.noindex/luxury.build/Debug-iphoneos/luxury.build/luxury-project-headers.hmap -Xcc -I/Users/nalinishranjan/Library/Developer/Xcode/DerivedData/luxury-grhsifsbjgtqtkchnjgzcrijekki/Build/Products/Debug-iphoneos/include -Xcc -I/Users/nalinishranjan/Library/Developer/Xcode/DerivedData/luxury-grhsifsbjgtqtkchnjgzcrijekki/Build/Intermediates.noindex/luxury.build/Debug-iphoneos/luxury.build/DerivedSources-normal/arm64 -Xcc -I/Users/nalinishranjan/Library/Developer/Xcode/DerivedData/luxury-grhsifsbjgtqtkchnjgzcrijekki/Build/Intermediates.noindex/luxury.build/Debug-iphoneos/luxury.build/DerivedSources/arm64 -Xcc -I/Users/nalinishranjan/Library/Developer/Xcode/DerivedData/luxury-grhsifsbjgtqtkchnjgzcrijekki/Build/Intermediates.noindex/luxury.build/Debug-iphoneos/luxury.build/DerivedSources -Xcc -DDEBUG\=1 -no-auto-bridging-header-chaining -module-name luxury -frontend-parseable-output -disable-clang-spi -clang-target arm64-apple-ios26.5 -target-sdk-version 26.5 -target-sdk-name iphoneos26.5 -in-process-plugin-server-path /Applications/Xcode.app/Contents/Developer/Toolchains/XcodeDefault.xctoolchain/usr/lib/swift/host/libSwiftInProcPluginServer.dylib -o /Users/nalinishranjan/Library/Developer/Xcode/DerivedData/luxury-grhsifsbjgtqtkchnjgzcrijekki/Build/Intermediates.noindex/luxury.build/Debug-iphoneos/luxury.build/Objects-normal/arm64/ClientDetailViewModel.o -o /Users/nalinishranjan/Library/Developer/Xcode/DerivedData/luxury-grhsifsbjgtqtkchnjgzcrijekki/Build/Intermediates.noindex/luxury.build/Debug-iphoneos/luxury.build/Objects-normal/arm64/ClientelingViewModel.o -o /Users/nalinishranjan/Library/Developer/Xcode/DerivedData/luxury-grhsifsbjgtqtkchnjgzcrijekki/Build/Intermediates.noindex/luxury.build/Debug-iphoneos/luxury.build/Objects-normal/arm64/ClientelingView.o -o /Users/nalinishranjan/Library/Developer/Xcode/DerivedData/luxury-grhsifsbjgtqtkchnjgzcrijekki/Build/Intermediates.noindex/luxury.build/Debug-iphoneos/luxury.build/Objects-normal/arm64/ClientProfileView.o -o /Users/nalinishranjan/Library/Developer/Xcode/DerivedData/luxury-grhsifsbjgtqtkchnjgzcrijekki/Build/Intermediates.noindex/luxury.build/Debug-iphoneos/luxury.build/Objects-normal/arm64/EditClientView.o -o /Users/nalinishranjan/Library/Developer/Xcode/DerivedData/luxury-grhsifsbjgtqtkchnjgzcrijekki/Build/Intermediates.noindex/luxury.build/Debug-iphoneos/luxury.build/Objects-normal/arm64/NewClientView.o -o /Users/nalinishranjan/Library/Developer/Xcode/DerivedData/luxury-grhsifsbjgtqtkchnjgzcrijekki/Build/Intermediates.noindex/luxury.build/Debug-iphoneos/luxury.build/Objects-normal/arm64/SellingViewModel.o -o /Users/nalinishranjan/Library/Developer/Xcode/DerivedData/luxury-grhsifsbjgtqtkchnjgzcrijekki/Build/Intermediates.noindex/luxury.build/Debug-iphoneos/luxury.build/Objects-normal/arm64/SalesProductDetailView.o -index-unit-output-path /luxury.build/Debug-iphoneos/luxury.build/Objects-normal/arm64/ClientDetailViewModel.o -index-unit-output-path /luxury.build/Debug-iphoneos/luxury.build/Objects-normal/arm64/ClientelingViewModel.o -index-unit-output-path /luxury.build/Debug-iphoneos/luxury.build/Objects-normal/arm64/ClientelingView.o -index-unit-output-path /luxury.build/Debug-iphoneos/luxury.build/Objects-normal/arm64/ClientProfileView.o -index-unit-output-path /luxury.build/Debug-iphoneos/luxury.build/Objects-normal/arm64/EditClientView.o -index-unit-output-path /luxury.build/Debug-iphoneos/luxury.build/Objects-normal/arm64/NewClientView.o -index-unit-output-path /luxury.build/Debug-iphoneos/luxury.build/Objects-normal/arm64/SellingViewModel.o -index-unit-output-path /luxury.build/Debug-iphoneos/luxury.build/Objects-normal/arm64/SalesProductDetailView.o -index-store-path /Users/nalinishranjan/Library/Developer/Xcode/DerivedData/luxury-grhsifsbjgtqtkchnjgzcrijekki/Index.noindex/DataStore -index-system-modules
SwiftCompile normal arm64 Compiling\ SellingView.swift,\ SalesAssociateCanvas.swift,\ ScannerService.swift,\ QRScannerView.swift,\ FulfillmentViewModel.swift,\ FulfillmentView.swift,\ SFSVerificationView.swift /Users/nalinishranjan/Documents/GitHub/RSMS/luxury/Core/SalesAssociate/Selling/Views/SellingView.swift /Users/nalinishranjan/Documents/GitHub/RSMS/luxury/Core/SalesAssociate/SalesAssociateCanvas.swift /Users/nalinishranjan/Documents/GitHub/RSMS/luxury/Core/Shared/Services/ScannerService.swift /Users/nalinishranjan/Documents/GitHub/RSMS/luxury/Core/Shared/Views/QRScannerView.swift /Users/nalinishranjan/Documents/GitHub/RSMS/luxury/Features/SFS/ViewModels/FulfillmentViewModel.swift /Users/nalinishranjan/Documents/GitHub/RSMS/luxury/Features/SFS/Views/FulfillmentView.swift /Users/nalinishranjan/Documents/GitHub/RSMS/luxury/Features/SFS/Views/SFSVerificationView.swift (in target 'luxury' from project 'luxury')

SwiftCompile normal arm64 /Users/nalinishranjan/Documents/GitHub/RSMS/luxury/Core/SalesAssociate/Selling/Views/SellingView.swift (in target 'luxury' from project 'luxury')
    cd /Users/nalinishranjan/Documents/GitHub/RSMS
    

SwiftCompile normal arm64 /Users/nalinishranjan/Documents/GitHub/RSMS/luxury/Core/SalesAssociate/SalesAssociateCanvas.swift (in target 'luxury' from project 'luxury')
    cd /Users/nalinishranjan/Documents/GitHub/RSMS
    

SwiftCompile normal arm64 /Users/nalinishranjan/Documents/GitHub/RSMS/luxury/Core/Shared/Services/ScannerService.swift (in target 'luxury' from project 'luxury')
    cd /Users/nalinishranjan/Documents/GitHub/RSMS
    

SwiftCompile normal arm64 /Users/nalinishranjan/Documents/GitHub/RSMS/luxury/Core/Shared/Views/QRScannerView.swift (in target 'luxury' from project 'luxury')
    cd /Users/nalinishranjan/Documents/GitHub/RSMS
    

SwiftCompile normal arm64 /Users/nalinishranjan/Documents/GitHub/RSMS/luxury/Features/SFS/ViewModels/FulfillmentViewModel.swift (in target 'luxury' from project 'luxury')
    cd /Users/nalinishranjan/Documents/GitHub/RSMS
    

SwiftCompile normal arm64 /Users/nalinishranjan/Documents/GitHub/RSMS/luxury/Features/SFS/Views/FulfillmentView.swift (in target 'luxury' from project 'luxury')
    cd /Users/nalinishranjan/Documents/GitHub/RSMS
    

SwiftCompile normal arm64 /Users/nalinishranjan/Documents/GitHub/RSMS/luxury/Features/SFS/Views/SFSVerificationView.swift (in target 'luxury' from project 'luxury')
    cd /Users/nalinishranjan/Documents/GitHub/RSMS
    

SwiftCompile normal arm64 Compiling\ StockView.swift,\ NewTransferViewModel.swift,\ NewTransferView.swift,\ InventoryControllerCanvas.swift,\ ClientService.swift,\ PurchaseHistoryService.swift,\ SizePreferenceService.swift,\ WishlistService.swift /Users/nalinishranjan/Documents/GitHub/RSMS/luxury/Core/InventoryController/Stock/Views/StockView.swift /Users/nalinishranjan/Documents/GitHub/RSMS/luxury/Core/InventoryController/Transfers/ViewModels/NewTransferViewModel.swift /Users/nalinishranjan/Documents/GitHub/RSMS/luxury/Core/InventoryController/Transfers/Views/NewTransferView.swift /Users/nalinishranjan/Documents/GitHub/RSMS/luxury/Core/InventoryController/InventoryControllerCanvas.swift /Users/nalinishranjan/Documents/GitHub/RSMS/luxury/Core/SalesAssociate/Clienteling/Services/ClientService.swift /Users/nalinishranjan/Documents/GitHub/RSMS/luxury/Core/SalesAssociate/Clienteling/Services/PurchaseHistoryService.swift /Users/nalinishranjan/Documents/GitHub/RSMS/luxury/Core/SalesAssociate/Clienteling/Services/SizePreferenceService.swift /Users/nalinishranjan/Documents/GitHub/RSMS/luxury/Core/SalesAssociate/Clienteling/Services/WishlistService.swift (in target 'luxury' from project 'luxury')

SwiftCompile normal arm64 /Users/nalinishranjan/Documents/GitHub/RSMS/luxury/Core/InventoryController/Stock/Views/StockView.swift (in target 'luxury' from project 'luxury')
    cd /Users/nalinishranjan/Documents/GitHub/RSMS
    

SwiftCompile normal arm64 /Users/nalinishranjan/Documents/GitHub/RSMS/luxury/Core/InventoryController/Transfers/ViewModels/NewTransferViewModel.swift (in target 'luxury' from project 'luxury')
    cd /Users/nalinishranjan/Documents/GitHub/RSMS
    

SwiftCompile normal arm64 /Users/nalinishranjan/Documents/GitHub/RSMS/luxury/Core/InventoryController/Transfers/Views/NewTransferView.swift (in target 'luxury' from project 'luxury')
    cd /Users/nalinishranjan/Documents/GitHub/RSMS
    

SwiftCompile normal arm64 /Users/nalinishranjan/Documents/GitHub/RSMS/luxury/Core/InventoryController/InventoryControllerCanvas.swift (in target 'luxury' from project 'luxury')
    cd /Users/nalinishranjan/Documents/GitHub/RSMS
    

SwiftCompile normal arm64 /Users/nalinishranjan/Documents/GitHub/RSMS/luxury/Core/SalesAssociate/Clienteling/Services/ClientService.swift (in target 'luxury' from project 'luxury')
    cd /Users/nalinishranjan/Documents/GitHub/RSMS
    

SwiftCompile normal arm64 /Users/nalinishranjan/Documents/GitHub/RSMS/luxury/Core/SalesAssociate/Clienteling/Services/PurchaseHistoryService.swift (in target 'luxury' from project 'luxury')
    cd /Users/nalinishranjan/Documents/GitHub/RSMS
    

SwiftCompile normal arm64 /Users/nalinishranjan/Documents/GitHub/RSMS/luxury/Core/SalesAssociate/Clienteling/Services/SizePreferenceService.swift (in target 'luxury' from project 'luxury')
    cd /Users/nalinishranjan/Documents/GitHub/RSMS
    

SwiftCompile normal arm64 /Users/nalinishranjan/Documents/GitHub/RSMS/luxury/Core/SalesAssociate/Clienteling/Services/WishlistService.swift (in target 'luxury' from project 'luxury')
    cd /Users/nalinishranjan/Documents/GitHub/RSMS
    

SwiftDriverJobDiscovery normal arm64 Compiling AppRoutes.swift, NavigationModels.swift, CustomButton.swift, SupabaseConfig.swift, CatalogModels.swift, ClientEntity.swift, InventoryModels.swift, PurchasedItemEntity.swift (in target 'luxury' from project 'luxury')

SwiftCompile normal arm64 Compiling\ RSMSWidgets.swift,\ ApplicationStatusView.swift,\ ReportsView.swift /Users/nalinishranjan/Documents/GitHub/RSMS/luxury/App/Widgets/RSMSWidgets.swift /Users/nalinishranjan/Documents/GitHub/RSMS/luxury/Core/Auth/Views/ApplicationStatusView.swift /Users/nalinishranjan/Documents/GitHub/RSMS/luxury/Core/BoutiqueManager/Reports/Views/ReportsView.swift (in target 'luxury' from project 'luxury')

SwiftCompile normal arm64 /Users/nalinishranjan/Documents/GitHub/RSMS/luxury/App/Widgets/RSMSWidgets.swift (in target 'luxury' from project 'luxury')
    cd /Users/nalinishranjan/Documents/GitHub/RSMS
    

SwiftCompile normal arm64 /Users/nalinishranjan/Documents/GitHub/RSMS/luxury/Core/Auth/Views/ApplicationStatusView.swift (in target 'luxury' from project 'luxury')
    cd /Users/nalinishranjan/Documents/GitHub/RSMS
    

SwiftCompile normal arm64 /Users/nalinishranjan/Documents/GitHub/RSMS/luxury/Core/BoutiqueManager/Reports/Views/ReportsView.swift (in target 'luxury' from project 'luxury')
    cd /Users/nalinishranjan/Documents/GitHub/RSMS
    

SwiftDriverJobDiscovery normal arm64 Compiling UserManagementViewModel.swift, CorporateAdminCanvas.swift, NetworkMonitor.swift, ActiveScanViewModel.swift, ActiveScanView.swift, BarcodeScanViewModel.swift, StockViewModel.swift, BarcodeScanView.swift (in target 'luxury' from project 'luxury')

SwiftCompile normal arm64 Compiling\ SystemLogsView.swift,\ BoutiqueConfigView.swift,\ ActiveAuditView.swift /Users/nalinishranjan/Documents/GitHub/RSMS/luxury/Core/CorporateAdmin/Logs/Views/SystemLogsView.swift /Users/nalinishranjan/Documents/GitHub/RSMS/luxury/Core/CorporateAdmin/Settings/Views/BoutiqueConfigView.swift /Users/nalinishranjan/Documents/GitHub/RSMS/luxury/Core/InventoryController/Audit/Views/ActiveAuditView.swift (in target 'luxury' from project 'luxury')

SwiftCompile normal arm64 /Users/nalinishranjan/Documents/GitHub/RSMS/luxury/Core/CorporateAdmin/Logs/Views/SystemLogsView.swift (in target 'luxury' from project 'luxury')
    cd /Users/nalinishranjan/Documents/GitHub/RSMS
    

SwiftCompile normal arm64 /Users/nalinishranjan/Documents/GitHub/RSMS/luxury/Core/CorporateAdmin/Settings/Views/BoutiqueConfigView.swift (in target 'luxury' from project 'luxury')
    cd /Users/nalinishranjan/Documents/GitHub/RSMS
    

SwiftCompile normal arm64 /Users/nalinishranjan/Documents/GitHub/RSMS/luxury/Core/InventoryController/Audit/Views/ActiveAuditView.swift (in target 'luxury' from project 'luxury')
    cd /Users/nalinishranjan/Documents/GitHub/RSMS
    

SwiftDriverJobDiscovery normal arm64 Compiling StockView.swift, NewTransferViewModel.swift, NewTransferView.swift, InventoryControllerCanvas.swift, ClientService.swift, PurchaseHistoryService.swift, SizePreferenceService.swift, WishlistService.swift (in target 'luxury' from project 'luxury')

SwiftCompile normal arm64 Compiling\ SerializationView.swift,\ TransfersView.swift /Users/nalinishranjan/Documents/GitHub/RSMS/luxury/Core/InventoryController/Stock/Views/SerializationView.swift /Users/nalinishranjan/Documents/GitHub/RSMS/luxury/Core/InventoryController/Transfers/Views/TransfersView.swift (in target 'luxury' from project 'luxury')

SwiftCompile normal arm64 /Users/nalinishranjan/Documents/GitHub/RSMS/luxury/Core/InventoryController/Stock/Views/SerializationView.swift (in target 'luxury' from project 'luxury')
    cd /Users/nalinishranjan/Documents/GitHub/RSMS
    

SwiftCompile normal arm64 /Users/nalinishranjan/Documents/GitHub/RSMS/luxury/Core/InventoryController/Transfers/Views/TransfersView.swift (in target 'luxury' from project 'luxury')
    cd /Users/nalinishranjan/Documents/GitHub/RSMS
    

SwiftDriverJobDiscovery normal arm64 Compiling SupabaseManager.swift, UIModels.swift, ApprovalService.swift, StorageService.swift, AccountRegistrationView.swift, AuthenticationView.swift, DashboardViewModel.swift, DiscountApprovalViewModel.swift (in target 'luxury' from project 'luxury')

SwiftCompile normal arm64 Compiling\ TransfersViewModel.swift,\ TransferDetailView.swift,\ AppointmentsViewModel.swift,\ AppointmentListView.swift /Users/nalinishranjan/Documents/GitHub/RSMS/luxury/Core/InventoryController/Transfers/ViewModels/TransfersViewModel.swift /Users/nalinishranjan/Documents/GitHub/RSMS/luxury/Core/InventoryController/Transfers/Views/TransferDetailView.swift /Users/nalinishranjan/Documents/GitHub/RSMS/luxury/Core/SalesAssociate/Clienteling/ViewModels/AppointmentsViewModel.swift /Users/nalinishranjan/Documents/GitHub/RSMS/luxury/Core/SalesAssociate/Clienteling/Views/AppointmentListView.swift (in target 'luxury' from project 'luxury')

SwiftCompile normal arm64 /Users/nalinishranjan/Documents/GitHub/RSMS/luxury/Core/InventoryController/Transfers/ViewModels/TransfersViewModel.swift (in target 'luxury' from project 'luxury')
    cd /Users/nalinishranjan/Documents/GitHub/RSMS
    

SwiftCompile normal arm64 /Users/nalinishranjan/Documents/GitHub/RSMS/luxury/Core/InventoryController/Transfers/Views/TransferDetailView.swift (in target 'luxury' from project 'luxury')
    cd /Users/nalinishranjan/Documents/GitHub/RSMS
    

SwiftCompile normal arm64 /Users/nalinishranjan/Documents/GitHub/RSMS/luxury/Core/SalesAssociate/Clienteling/ViewModels/AppointmentsViewModel.swift (in target 'luxury' from project 'luxury')
    cd /Users/nalinishranjan/Documents/GitHub/RSMS
    

SwiftCompile normal arm64 /Users/nalinishranjan/Documents/GitHub/RSMS/luxury/Core/SalesAssociate/Clienteling/Views/AppointmentListView.swift (in target 'luxury' from project 'luxury')
    cd /Users/nalinishranjan/Documents/GitHub/RSMS
    

SwiftDriverJobDiscovery normal arm64 Compiling BMAppointmentDetailView.swift, DashboardView.swift, DiscountApprovalView.swift, ManagerApprovalViews.swift, SalesTargetCard.swift, TeamView.swift, CatalogService.swift, CatalogsViewModel.swift (in target 'luxury' from project 'luxury')

SwiftCompile normal arm64 Compiling\ ShrinkReportViewModel.swift,\ StaffPerformanceViewModel.swift,\ ClientInsightsView.swift,\ SalesAnalyticsView.swift /Users/nalinishranjan/Documents/GitHub/RSMS/luxury/Core/BoutiqueManager/Reports/ViewModels/ShrinkReportViewModel.swift /Users/nalinishranjan/Documents/GitHub/RSMS/luxury/Core/BoutiqueManager/Reports/ViewModels/StaffPerformanceViewModel.swift /Users/nalinishranjan/Documents/GitHub/RSMS/luxury/Core/BoutiqueManager/Reports/Views/ClientInsightsView.swift /Users/nalinishranjan/Documents/GitHub/RSMS/luxury/Core/BoutiqueManager/Reports/Views/SalesAnalyticsView.swift (in target 'luxury' from project 'luxury')

SwiftCompile normal arm64 /Users/nalinishranjan/Documents/GitHub/RSMS/luxury/Core/BoutiqueManager/Reports/ViewModels/ShrinkReportViewModel.swift (in target 'luxury' from project 'luxury')
    cd /Users/nalinishranjan/Documents/GitHub/RSMS
    

SwiftCompile normal arm64 /Users/nalinishranjan/Documents/GitHub/RSMS/luxury/Core/BoutiqueManager/Reports/ViewModels/StaffPerformanceViewModel.swift (in target 'luxury' from project 'luxury')
    cd /Users/nalinishranjan/Documents/GitHub/RSMS
    

SwiftCompile normal arm64 /Users/nalinishranjan/Documents/GitHub/RSMS/luxury/Core/BoutiqueManager/Reports/Views/ClientInsightsView.swift (in target 'luxury' from project 'luxury')
    cd /Users/nalinishranjan/Documents/GitHub/RSMS
    

SwiftCompile normal arm64 /Users/nalinishranjan/Documents/GitHub/RSMS/luxury/Core/BoutiqueManager/Reports/Views/SalesAnalyticsView.swift (in target 'luxury' from project 'luxury')
    cd /Users/nalinishranjan/Documents/GitHub/RSMS
    

SwiftDriverJobDiscovery normal arm64 Compiling SellingView.swift, SalesAssociateCanvas.swift, ScannerService.swift, QRScannerView.swift, FulfillmentViewModel.swift, FulfillmentView.swift, SFSVerificationView.swift (in target 'luxury' from project 'luxury')

SwiftCompile normal arm64 Compiling\ ShrinkReportView.swift,\ StaffPerformanceReportView.swift,\ AuditSignoffViewModel.swift,\ StoreViewModel.swift /Users/nalinishranjan/Documents/GitHub/RSMS/luxury/Core/BoutiqueManager/Reports/Views/ShrinkReportView.swift /Users/nalinishranjan/Documents/GitHub/RSMS/luxury/Core/BoutiqueManager/Reports/Views/StaffPerformanceReportView.swift /Users/nalinishranjan/Documents/GitHub/RSMS/luxury/Core/BoutiqueManager/Store/ViewModels/AuditSignoffViewModel.swift /Users/nalinishranjan/Documents/GitHub/RSMS/luxury/Core/BoutiqueManager/Store/ViewModels/StoreViewModel.swift (in target 'luxury' from project 'luxury')

SwiftCompile normal arm64 /Users/nalinishranjan/Documents/GitHub/RSMS/luxury/Core/BoutiqueManager/Reports/Views/ShrinkReportView.swift (in target 'luxury' from project 'luxury')
    cd /Users/nalinishranjan/Documents/GitHub/RSMS
    

SwiftCompile normal arm64 /Users/nalinishranjan/Documents/GitHub/RSMS/luxury/Core/BoutiqueManager/Reports/Views/StaffPerformanceReportView.swift (in target 'luxury' from project 'luxury')
    cd /Users/nalinishranjan/Documents/GitHub/RSMS
    

SwiftCompile normal arm64 /Users/nalinishranjan/Documents/GitHub/RSMS/luxury/Core/BoutiqueManager/Store/ViewModels/AuditSignoffViewModel.swift (in target 'luxury' from project 'luxury')
    cd /Users/nalinishranjan/Documents/GitHub/RSMS
    

SwiftCompile normal arm64 /Users/nalinishranjan/Documents/GitHub/RSMS/luxury/Core/BoutiqueManager/Store/ViewModels/StoreViewModel.swift (in target 'luxury' from project 'luxury')
    cd /Users/nalinishranjan/Documents/GitHub/RSMS
    

SwiftDriverJobDiscovery normal arm64 Compiling SerializationView.swift, TransfersView.swift (in target 'luxury' from project 'luxury')

SwiftCompile normal arm64 Compiling\ POSViewModel.swift,\ PaymentView.swift,\ POSView.swift,\ SAProfileViewModel.swift /Users/nalinishranjan/Documents/GitHub/RSMS/luxury/Core/SalesAssociate/POS/ViewModels/POSViewModel.swift /Users/nalinishranjan/Documents/GitHub/RSMS/luxury/Core/SalesAssociate/POS/Views/PaymentView.swift /Users/nalinishranjan/Documents/GitHub/RSMS/luxury/Core/SalesAssociate/POS/Views/POSView.swift /Users/nalinishranjan/Documents/GitHub/RSMS/luxury/Core/SalesAssociate/Profile/ViewModels/SAProfileViewModel.swift (in target 'luxury' from project 'luxury')

SwiftCompile normal arm64 /Users/nalinishranjan/Documents/GitHub/RSMS/luxury/Core/SalesAssociate/POS/ViewModels/POSViewModel.swift (in target 'luxury' from project 'luxury')
    cd /Users/nalinishranjan/Documents/GitHub/RSMS
    

SwiftCompile normal arm64 /Users/nalinishranjan/Documents/GitHub/RSMS/luxury/Core/SalesAssociate/POS/Views/PaymentView.swift (in target 'luxury' from project 'luxury')
    cd /Users/nalinishranjan/Documents/GitHub/RSMS
    

SwiftCompile normal arm64 /Users/nalinishranjan/Documents/GitHub/RSMS/luxury/Core/SalesAssociate/POS/Views/POSView.swift (in target 'luxury' from project 'luxury')
    cd /Users/nalinishranjan/Documents/GitHub/RSMS
    

SwiftCompile normal arm64 /Users/nalinishranjan/Documents/GitHub/RSMS/luxury/Core/SalesAssociate/Profile/ViewModels/SAProfileViewModel.swift (in target 'luxury' from project 'luxury')
    cd /Users/nalinishranjan/Documents/GitHub/RSMS
    

SwiftCompile normal arm64 Compiling\ GlobalAnalyticsViewModel.swift,\ ActiveAuditViewModel.swift,\ AuditViewModel.swift,\ RFIDViewModel.swift /Users/nalinishranjan/Documents/GitHub/RSMS/luxury/Core/CorporateAdmin/ViewModels/GlobalAnalyticsViewModel.swift /Users/nalinishranjan/Documents/GitHub/RSMS/luxury/Core/InventoryController/Audit/ViewModels/ActiveAuditViewModel.swift /Users/nalinishranjan/Documents/GitHub/RSMS/luxury/Core/InventoryController/Audit/ViewModels/AuditViewModel.swift /Users/nalinishranjan/Documents/GitHub/RSMS/luxury/Core/InventoryController/RFID/ViewModels/RFIDViewModel.swift (in target 'luxury' from project 'luxury')

SwiftCompile normal arm64 /Users/nalinishranjan/Documents/GitHub/RSMS/luxury/Core/CorporateAdmin/ViewModels/GlobalAnalyticsViewModel.swift (in target 'luxury' from project 'luxury')
    cd /Users/nalinishranjan/Documents/GitHub/RSMS
    

SwiftCompile normal arm64 /Users/nalinishranjan/Documents/GitHub/RSMS/luxury/Core/InventoryController/Audit/ViewModels/ActiveAuditViewModel.swift (in target 'luxury' from project 'luxury')
    cd /Users/nalinishranjan/Documents/GitHub/RSMS
    

SwiftCompile normal arm64 /Users/nalinishranjan/Documents/GitHub/RSMS/luxury/Core/InventoryController/Audit/ViewModels/AuditViewModel.swift (in target 'luxury' from project 'luxury')
    cd /Users/nalinishranjan/Documents/GitHub/RSMS
    

SwiftCompile normal arm64 /Users/nalinishranjan/Documents/GitHub/RSMS/luxury/Core/InventoryController/RFID/ViewModels/RFIDViewModel.swift (in target 'luxury' from project 'luxury')
    cd /Users/nalinishranjan/Documents/GitHub/RSMS
    

SwiftDriverJobDiscovery normal arm64 Compiling RSMSWidgets.swift, ApplicationStatusView.swift, ReportsView.swift (in target 'luxury' from project 'luxury')

SwiftCompile normal arm64 Compiling\ ScanSessionDetailView.swift,\ StockSearchViewModel.swift,\ StockDetailView.swift,\ StockSearchView.swift /Users/nalinishranjan/Documents/GitHub/RSMS/luxury/Core/InventoryController/RFID/Views/ScanSessionDetailView.swift /Users/nalinishranjan/Documents/GitHub/RSMS/luxury/Core/InventoryController/Stock/ViewModels/StockSearchViewModel.swift /Users/nalinishranjan/Documents/GitHub/RSMS/luxury/Core/InventoryController/Stock/Views/StockDetailView.swift /Users/nalinishranjan/Documents/GitHub/RSMS/luxury/Core/InventoryController/Stock/Views/StockSearchView.swift (in target 'luxury' from project 'luxury')

SwiftCompile normal arm64 /Users/nalinishranjan/Documents/GitHub/RSMS/luxury/Core/InventoryController/RFID/Views/ScanSessionDetailView.swift (in target 'luxury' from project 'luxury')
    cd /Users/nalinishranjan/Documents/GitHub/RSMS
    

SwiftCompile normal arm64 /Users/nalinishranjan/Documents/GitHub/RSMS/luxury/Core/InventoryController/Stock/ViewModels/StockSearchViewModel.swift (in target 'luxury' from project 'luxury')
    cd /Users/nalinishranjan/Documents/GitHub/RSMS
    

SwiftCompile normal arm64 /Users/nalinishranjan/Documents/GitHub/RSMS/luxury/Core/InventoryController/Stock/Views/StockDetailView.swift (in target 'luxury' from project 'luxury')
    cd /Users/nalinishranjan/Documents/GitHub/RSMS
    

SwiftCompile normal arm64 /Users/nalinishranjan/Documents/GitHub/RSMS/luxury/Core/InventoryController/Stock/Views/StockSearchView.swift (in target 'luxury' from project 'luxury')
    cd /Users/nalinishranjan/Documents/GitHub/RSMS
    

SwiftDriverJobDiscovery normal arm64 Compiling SystemLogsView.swift, BoutiqueConfigView.swift, ActiveAuditView.swift (in target 'luxury' from project 'luxury')

SwiftCompile normal arm64 Compiling\ AuditDetailView.swift,\ AuditView.swift,\ RFIDView.swift /Users/nalinishranjan/Documents/GitHub/RSMS/luxury/Core/InventoryController/Audit/Views/AuditDetailView.swift /Users/nalinishranjan/Documents/GitHub/RSMS/luxury/Core/InventoryController/Audit/Views/AuditView.swift /Users/nalinishranjan/Documents/GitHub/RSMS/luxury/Core/InventoryController/RFID/Views/RFIDView.swift (in target 'luxury' from project 'luxury')

SwiftCompile normal arm64 /Users/nalinishranjan/Documents/GitHub/RSMS/luxury/Core/InventoryController/Audit/Views/AuditDetailView.swift (in target 'luxury' from project 'luxury')
    cd /Users/nalinishranjan/Documents/GitHub/RSMS
    

SwiftCompile normal arm64 /Users/nalinishranjan/Documents/GitHub/RSMS/luxury/Core/InventoryController/Audit/Views/AuditView.swift (in target 'luxury' from project 'luxury')
    cd /Users/nalinishranjan/Documents/GitHub/RSMS
    

SwiftCompile normal arm64 /Users/nalinishranjan/Documents/GitHub/RSMS/luxury/Core/InventoryController/RFID/Views/RFIDView.swift (in target 'luxury' from project 'luxury')
    cd /Users/nalinishranjan/Documents/GitHub/RSMS
    

SwiftDriverJobDiscovery normal arm64 Compiling ShrinkReportViewModel.swift, StaffPerformanceViewModel.swift, ClientInsightsView.swift, SalesAnalyticsView.swift (in target 'luxury' from project 'luxury')

SwiftCompile normal arm64 Compiling\ ProfileView.swift,\ SellingFlowViews.swift /Users/nalinishranjan/Documents/GitHub/RSMS/luxury/Core/SalesAssociate/Profile/Views/ProfileView.swift /Users/nalinishranjan/Documents/GitHub/RSMS/luxury/Core/SalesAssociate/Selling/Views/SellingFlowViews.swift (in target 'luxury' from project 'luxury')

SwiftCompile normal arm64 /Users/nalinishranjan/Documents/GitHub/RSMS/luxury/Core/SalesAssociate/Profile/Views/ProfileView.swift (in target 'luxury' from project 'luxury')
    cd /Users/nalinishranjan/Documents/GitHub/RSMS
    

SwiftCompile normal arm64 /Users/nalinishranjan/Documents/GitHub/RSMS/luxury/Core/SalesAssociate/Selling/Views/SellingFlowViews.swift (in target 'luxury' from project 'luxury')
    cd /Users/nalinishranjan/Documents/GitHub/RSMS
    

SwiftDriverJobDiscovery normal arm64 Compiling ShrinkReportView.swift, StaffPerformanceReportView.swift, AuditSignoffViewModel.swift, StoreViewModel.swift (in target 'luxury' from project 'luxury')

SwiftCompile normal arm64 Compiling\ StatusBadge.swift,\ ClientInsightsViewModel.swift,\ ReportsViewModel.swift,\ SalesAnalyticsViewModel.swift /Users/nalinishranjan/Documents/GitHub/RSMS/luxury/App/Widgets/StatusBadge.swift /Users/nalinishranjan/Documents/GitHub/RSMS/luxury/Core/BoutiqueManager/Reports/ViewModels/ClientInsightsViewModel.swift /Users/nalinishranjan/Documents/GitHub/RSMS/luxury/Core/BoutiqueManager/Reports/ViewModels/ReportsViewModel.swift /Users/nalinishranjan/Documents/GitHub/RSMS/luxury/Core/BoutiqueManager/Reports/ViewModels/SalesAnalyticsViewModel.swift (in target 'luxury' from project 'luxury')

SwiftCompile normal arm64 /Users/nalinishranjan/Documents/GitHub/RSMS/luxury/App/Widgets/StatusBadge.swift (in target 'luxury' from project 'luxury')
    cd /Users/nalinishranjan/Documents/GitHub/RSMS
    

SwiftCompile normal arm64 /Users/nalinishranjan/Documents/GitHub/RSMS/luxury/Core/BoutiqueManager/Reports/ViewModels/ClientInsightsViewModel.swift (in target 'luxury' from project 'luxury')
    cd /Users/nalinishranjan/Documents/GitHub/RSMS
    

SwiftCompile normal arm64 /Users/nalinishranjan/Documents/GitHub/RSMS/luxury/Core/BoutiqueManager/Reports/ViewModels/ReportsViewModel.swift (in target 'luxury' from project 'luxury')
    cd /Users/nalinishranjan/Documents/GitHub/RSMS
    

SwiftCompile normal arm64 /Users/nalinishranjan/Documents/GitHub/RSMS/luxury/Core/BoutiqueManager/Reports/ViewModels/SalesAnalyticsViewModel.swift (in target 'luxury' from project 'luxury')
    cd /Users/nalinishranjan/Documents/GitHub/RSMS
    

SwiftDriverJobDiscovery normal arm64 Compiling TransfersViewModel.swift, TransferDetailView.swift, AppointmentsViewModel.swift, AppointmentListView.swift (in target 'luxury' from project 'luxury')

SwiftCompile normal arm64 Compiling\ ReceiptView.swift,\ ReturnsView.swift /Users/nalinishranjan/Documents/GitHub/RSMS/luxury/Core/SalesAssociate/POS/Views/ReceiptView.swift /Users/nalinishranjan/Documents/GitHub/RSMS/luxury/Core/SalesAssociate/POS/Views/ReturnsView.swift (in target 'luxury' from project 'luxury')

SwiftCompile normal arm64 /Users/nalinishranjan/Documents/GitHub/RSMS/luxury/Core/SalesAssociate/POS/Views/ReceiptView.swift (in target 'luxury' from project 'luxury')
    cd /Users/nalinishranjan/Documents/GitHub/RSMS
    

SwiftCompile normal arm64 /Users/nalinishranjan/Documents/GitHub/RSMS/luxury/Core/SalesAssociate/POS/Views/ReturnsView.swift (in target 'luxury' from project 'luxury')
    cd /Users/nalinishranjan/Documents/GitHub/RSMS
    

SwiftDriverJobDiscovery normal arm64 Compiling GlobalAnalyticsViewModel.swift, ActiveAuditViewModel.swift, AuditViewModel.swift, RFIDViewModel.swift (in target 'luxury' from project 'luxury')

SwiftCompile normal arm64 Compiling\ AfterSalesViews.swift,\ CreateAppointmentView.swift /Users/nalinishranjan/Documents/GitHub/RSMS/luxury/Core/SalesAssociate/Clienteling/Views/AfterSalesViews.swift /Users/nalinishranjan/Documents/GitHub/RSMS/luxury/Core/SalesAssociate/Clienteling/Views/CreateAppointmentView.swift (in target 'luxury' from project 'luxury')

SwiftCompile normal arm64 /Users/nalinishranjan/Documents/GitHub/RSMS/luxury/Core/SalesAssociate/Clienteling/Views/AfterSalesViews.swift (in target 'luxury' from project 'luxury')
    cd /Users/nalinishranjan/Documents/GitHub/RSMS
    

SwiftCompile normal arm64 /Users/nalinishranjan/Documents/GitHub/RSMS/luxury/Core/SalesAssociate/Clienteling/Views/CreateAppointmentView.swift (in target 'luxury' from project 'luxury')
    cd /Users/nalinishranjan/Documents/GitHub/RSMS
    

SwiftDriverJobDiscovery normal arm64 Compiling CatalogDetailView.swift, CatalogFormView.swift, CatalogsView.swift, GlobalInventoryViewModel.swift, GlobalInventoryView.swift, ProductStockDetailView.swift, BoutiqueDetailView.swift, UserManagementView.swift (in target 'luxury' from project 'luxury')

SwiftCompile normal arm64 Compiling\ StoreView.swift,\ TransferApprovalView.swift,\ StaffPerformanceDetailView.swift,\ BoutiqueManagerCanvas.swift /Users/nalinishranjan/Documents/GitHub/RSMS/luxury/Core/BoutiqueManager/Store/Views/StoreView.swift /Users/nalinishranjan/Documents/GitHub/RSMS/luxury/Core/BoutiqueManager/Store/Views/TransferApprovalView.swift /Users/nalinishranjan/Documents/GitHub/RSMS/luxury/Core/BoutiqueManager/Team/Views/StaffPerformanceDetailView.swift /Users/nalinishranjan/Documents/GitHub/RSMS/luxury/Core/BoutiqueManager/BoutiqueManagerCanvas.swift (in target 'luxury' from project 'luxury')

SwiftCompile normal arm64 /Users/nalinishranjan/Documents/GitHub/RSMS/luxury/Core/BoutiqueManager/Store/Views/StoreView.swift (in target 'luxury' from project 'luxury')
    cd /Users/nalinishranjan/Documents/GitHub/RSMS
    

SwiftCompile normal arm64 /Users/nalinishranjan/Documents/GitHub/RSMS/luxury/Core/BoutiqueManager/Store/Views/TransferApprovalView.swift (in target 'luxury' from project 'luxury')
    cd /Users/nalinishranjan/Documents/GitHub/RSMS
    

SwiftCompile normal arm64 /Users/nalinishranjan/Documents/GitHub/RSMS/luxury/Core/BoutiqueManager/Team/Views/StaffPerformanceDetailView.swift (in target 'luxury' from project 'luxury')
    cd /Users/nalinishranjan/Documents/GitHub/RSMS
    

SwiftCompile normal arm64 /Users/nalinishranjan/Documents/GitHub/RSMS/luxury/Core/BoutiqueManager/BoutiqueManagerCanvas.swift (in target 'luxury' from project 'luxury')
    cd /Users/nalinishranjan/Documents/GitHub/RSMS
    

SwiftDriverJobDiscovery normal arm64 Compiling ScanSessionDetailView.swift, StockSearchViewModel.swift, StockDetailView.swift, StockSearchView.swift (in target 'luxury' from project 'luxury')

SwiftCompile normal arm64 Compiling\ CreateEventView.swift,\ CycleCountDetailView.swift,\ GlobalAnalyticsView.swift /Users/nalinishranjan/Documents/GitHub/RSMS/luxury/Core/BoutiqueManager/Store/Views/CreateEventView.swift /Users/nalinishranjan/Documents/GitHub/RSMS/luxury/Core/BoutiqueManager/Store/Views/CycleCountDetailView.swift /Users/nalinishranjan/Documents/GitHub/RSMS/luxury/Core/CorporateAdmin/Dashboard/Views/GlobalAnalyticsView.swift (in target 'luxury' from project 'luxury')

SwiftCompile normal arm64 /Users/nalinishranjan/Documents/GitHub/RSMS/luxury/Core/BoutiqueManager/Store/Views/CreateEventView.swift (in target 'luxury' from project 'luxury')
    cd /Users/nalinishranjan/Documents/GitHub/RSMS
    

SwiftCompile normal arm64 /Users/nalinishranjan/Documents/GitHub/RSMS/luxury/Core/BoutiqueManager/Store/Views/CycleCountDetailView.swift (in target 'luxury' from project 'luxury')
    cd /Users/nalinishranjan/Documents/GitHub/RSMS
    

SwiftCompile normal arm64 /Users/nalinishranjan/Documents/GitHub/RSMS/luxury/Core/CorporateAdmin/Dashboard/Views/GlobalAnalyticsView.swift (in target 'luxury' from project 'luxury')
    cd /Users/nalinishranjan/Documents/GitHub/RSMS
    

SwiftDriverJobDiscovery normal arm64 Compiling StatusBadge.swift, ClientInsightsViewModel.swift, ReportsViewModel.swift, SalesAnalyticsViewModel.swift (in target 'luxury' from project 'luxury')

SwiftDriverJobDiscovery normal arm64 Compiling AuditDetailView.swift, AuditView.swift, RFIDView.swift (in target 'luxury' from project 'luxury')

SwiftDriverJobDiscovery normal arm64 Compiling ReceiptView.swift, ReturnsView.swift (in target 'luxury' from project 'luxury')

SwiftDriverJobDiscovery normal arm64 Compiling AfterSalesViews.swift, CreateAppointmentView.swift (in target 'luxury' from project 'luxury')

SwiftDriverJobDiscovery normal arm64 Compiling ProfileView.swift, SellingFlowViews.swift (in target 'luxury' from project 'luxury')

SwiftDriverJobDiscovery normal arm64 Compiling POSViewModel.swift, PaymentView.swift, POSView.swift, SAProfileViewModel.swift (in target 'luxury' from project 'luxury')

SwiftDriverJobDiscovery normal arm64 Compiling CreateEventView.swift, CycleCountDetailView.swift, GlobalAnalyticsView.swift (in target 'luxury' from project 'luxury')

SwiftDriverJobDiscovery normal arm64 Compiling StoreView.swift, TransferApprovalView.swift, StaffPerformanceDetailView.swift, BoutiqueManagerCanvas.swift (in target 'luxury' from project 'luxury')

error: error: accessing build database "/Users/nalinishranjan/Library/Developer/Xcode/DerivedData/luxury-grhsifsbjgtqtkchnjgzcrijekki/Build/Intermediates.noindex/XCBuildData/build.db": disk I/O error
** BUILD FAILED **


The following build commands failed:
	SwiftCompile normal arm64 /Users/nalinishranjan/Documents/GitHub/RSMS/luxury/Core/SalesAssociate/Clienteling/ViewModels/ClientDetailViewModel.swift (in target 'luxury' from project 'luxury')
	SwiftCompile normal arm64 /Users/nalinishranjan/Documents/GitHub/RSMS/luxury/Core/SalesAssociate/Clienteling/ViewModels/ClientelingViewModel.swift (in target 'luxury' from project 'luxury')
	SwiftCompile normal arm64 /Users/nalinishranjan/Documents/GitHub/RSMS/luxury/Core/SalesAssociate/Clienteling/Views/ClientelingView.swift (in target 'luxury' from project 'luxury')
	SwiftCompile normal arm64 /Users/nalinishranjan/Documents/GitHub/RSMS/luxury/Core/SalesAssociate/Clienteling/Views/ClientProfileView.swift (in target 'luxury' from project 'luxury')
	SwiftCompile normal arm64 /Users/nalinishranjan/Documents/GitHub/RSMS/luxury/Core/SalesAssociate/Clienteling/Views/EditClientView.swift (in target 'luxury' from project 'luxury')
	SwiftCompile normal arm64 /Users/nalinishranjan/Documents/GitHub/RSMS/luxury/Core/SalesAssociate/Clienteling/Views/NewClientView.swift (in target 'luxury' from project 'luxury')
	SwiftCompile normal arm64 /Users/nalinishranjan/Documents/GitHub/RSMS/luxury/Core/SalesAssociate/Selling/ViewModels/SellingViewModel.swift (in target 'luxury' from project 'luxury')
	SwiftCompile normal arm64 /Users/nalinishranjan/Documents/GitHub/RSMS/luxury/Core/SalesAssociate/Selling/Views/SalesProductDetailView.swift (in target 'luxury' from project 'luxury')
	SwiftCompile normal arm64 Compiling\ ClientDetailViewModel.swift,\ ClientelingViewModel.swift,\ ClientelingView.swift,\ ClientProfileView.swift,\ EditClientView.swift,\ NewClientView.swift,\ SellingViewModel.swift,\ SalesProductDetailView.swift /Users/nalinishranjan/Documents/GitHub/RSMS/luxury/Core/SalesAssociate/Clienteling/ViewModels/ClientDetailViewModel.swift /Users/nalinishranjan/Documents/GitHub/RSMS/luxury/Core/SalesAssociate/Clienteling/ViewModels/ClientelingViewModel.swift /Users/nalinishranjan/Documents/GitHub/RSMS/luxury/Core/SalesAssociate/Clienteling/Views/ClientelingView.swift /Users/nalinishranjan/Documents/GitHub/RSMS/luxury/Core/SalesAssociate/Clienteling/Views/ClientProfileView.swift /Users/nalinishranjan/Documents/GitHub/RSMS/luxury/Core/SalesAssociate/Clienteling/Views/EditClientView.swift /Users/nalinishranjan/Documents/GitHub/RSMS/luxury/Core/SalesAssociate/Clienteling/Views/NewClientView.swift /Users/nalinishranjan/Documents/GitHub/RSMS/luxury/Core/SalesAssociate/Selling/ViewModels/SellingViewModel.swift /Users/nalinishranjan/Documents/GitHub/RSMS/luxury/Core/SalesAssociate/Selling/Views/SalesProductDetailView.swift (in target 'luxury' from project 'luxury')
	Building project luxury with scheme luxury
(10 failures)
